Component: ARM Compiler 6.10.1 Tool: armlink [5d142800]

==============================================================================

Section Cross References

    conrtol.o(.text.TASK_Moto) refers to conrtol.o(.text._ZN7Conrtol9Task_MotoEv) for Conrtol::Task_Moto()
    conrtol.o(.ARM.exidx.text.TASK_Moto) refers to Unwind-EHABI.cpp.o(.text.__aeabi_unwind_cpp_pr0) for __aeabi_unwind_cpp_pr0
    conrtol.o(.ARM.exidx.text.TASK_Moto) refers to conrtol.o(.text.TASK_Moto) for [Anonymous Symbol]
    conrtol.o(.text._ZN7Conrtol9Task_MotoEv) refers to stm32f10x_rcc.o(.text.RCC_APB2PeriphClockCmd) for RCC_APB2PeriphClockCmd
    conrtol.o(.text._ZN7Conrtol9Task_MotoEv) refers to stm32f10x_gpio.o(.text.GPIO_ResetBits) for GPIO_ResetBits
    conrtol.o(.text._ZN7Conrtol9Task_MotoEv) refers to stm32f10x_gpio.o(.text.GPIO_Init) for GPIO_Init
    conrtol.o(.text._ZN7Conrtol9Task_MotoEv) refers to pwm.o(.text._ZN7PWMPORT4InitEv) for PWMPORT::Init()
    conrtol.o(.text._ZN7Conrtol9Task_MotoEv) refers to pwm.o(.text._ZN7PWMPORT9SetPort_0Ef) for PWMPORT::SetPort_0(float)
    conrtol.o(.text._ZN7Conrtol9Task_MotoEv) refers to pwm.o(.text._ZN7PWMPORT9SetPort_1Ef) for PWMPORT::SetPort_1(float)
    conrtol.o(.text._ZN7Conrtol9Task_MotoEv) refers to event_groups.o(.text.xEventGroupWaitBits) for xEventGroupWaitBits
    conrtol.o(.text._ZN7Conrtol9Task_MotoEv) refers to stm32f10x_gpio.o(.text.GPIO_SetBits) for GPIO_SetBits
    conrtol.o(.text._ZN7Conrtol9Task_MotoEv) refers to fcmp.o(x$fpl$fcmp) for __aeabi_fcmple
    conrtol.o(.text._ZN7Conrtol9Task_MotoEv) refers to conrtol.o(.text._ZN7PWMPORTD2Ev) for PWMPORT::~PWMPORT__sub_object()
    conrtol.o(.text._ZN7Conrtol9Task_MotoEv) refers to tasks.o(.text.uxTaskGetStackHighWaterMark) for uxTaskGetStackHighWaterMark
    conrtol.o(.text._ZN7Conrtol9Task_MotoEv) refers to Unwind-EHABI.cpp.o(.text._Unwind_Resume) for _Unwind_Resume
    conrtol.o(.ARM.extab.text._ZN7Conrtol9Task_MotoEv) refers to cxa_personality.cpp.o(.text.__gxx_personality_v0) for __gxx_personality_v0
    conrtol.o(.ARM.exidx.text._ZN7Conrtol9Task_MotoEv) refers to conrtol.o(.text._ZN7Conrtol9Task_MotoEv) for [Anonymous Symbol]
    conrtol.o(.ARM.exidx.text._ZN7Conrtol9Task_MotoEv) refers to conrtol.o(.ARM.extab.text._ZN7Conrtol9Task_MotoEv) for [Anonymous Symbol]
    conrtol.o(.text.TASK_GetAttitude) refers to conrtol.o(.text._ZN7Conrtol16Task_GetAttitudeEv) for Conrtol::Task_GetAttitude()
    conrtol.o(.ARM.exidx.text.TASK_GetAttitude) refers to Unwind-EHABI.cpp.o(.text.__aeabi_unwind_cpp_pr0) for __aeabi_unwind_cpp_pr0
    conrtol.o(.ARM.exidx.text.TASK_GetAttitude) refers to conrtol.o(.text.TASK_GetAttitude) for [Anonymous Symbol]
    conrtol.o(.text._ZN7Conrtol16Task_GetAttitudeEv) refers to mpu6050.o(.text._ZN7mpu6050C2Ev) for mpu6050::mpu6050()
    conrtol.o(.text._ZN7Conrtol16Task_GetAttitudeEv) refers to tasks.o(.text.vTaskDelay) for vTaskDelay
    conrtol.o(.text._ZN7Conrtol16Task_GetAttitudeEv) refers to mpu6050.o(.text._ZN7mpu605016MPU_6050_FixZeroEv) for mpu6050::MPU_6050_FixZero()
    conrtol.o(.text._ZN7Conrtol16Task_GetAttitudeEv) refers to main.o(.text._Znwj) for operator new(unsigned)
    conrtol.o(.text._ZN7Conrtol16Task_GetAttitudeEv) refers to rt_memclr_w.o(.text) for __aeabi_memclr8
    conrtol.o(.text._ZN7Conrtol16Task_GetAttitudeEv) refers to conrtol.o(.text._ZN4AHRSC2Ev) for AHRS::AHRS__sub_object()
    conrtol.o(.text._ZN7Conrtol16Task_GetAttitudeEv) refers to tasks.o(.text.xTaskGetTickCount) for xTaskGetTickCount
    conrtol.o(.text._ZN7Conrtol16Task_GetAttitudeEv) refers to mpu6050.o(.text._ZN7mpu605014Get_ACCEL_GYROEP5ACCELP4GYRO) for mpu6050::Get_ACCEL_GYRO(ACCEL*, GYRO*)
    conrtol.o(.text._ZN7Conrtol16Task_GetAttitudeEv) refers to ahrs.o(.text._ZN4AHRS11IMUupdateAGE5ACCEL4GYRO) for AHRS::IMUupdateAG(ACCEL, GYRO)
    conrtol.o(.text._ZN7Conrtol16Task_GetAttitudeEv) refers to ahrs.o(.text._ZN4AHRS8GET_ROLLE22AHRS_QuaternionTypeDef) for AHRS::GET_ROLL(AHRS_QuaternionTypeDef)
    conrtol.o(.text._ZN7Conrtol16Task_GetAttitudeEv) refers to pid.o(.text._ZN3PID10PID_UpDataEf) for PID::PID_UpData(float)
    conrtol.o(.text._ZN7Conrtol16Task_GetAttitudeEv) refers to faddsub_clz.o(x$fpl$fadd) for __aeabi_fadd
    conrtol.o(.text._ZN7Conrtol16Task_GetAttitudeEv) refers to event_groups.o(.text.xEventGroupSetBits) for xEventGroupSetBits
    conrtol.o(.text._ZN7Conrtol16Task_GetAttitudeEv) refers to tasks.o(.text.vTaskDelayUntil) for vTaskDelayUntil
    conrtol.o(.ARM.exidx.text._ZN7Conrtol16Task_GetAttitudeEv) refers to Unwind-EHABI.cpp.o(.text.__aeabi_unwind_cpp_pr0) for __aeabi_unwind_cpp_pr0
    conrtol.o(.ARM.exidx.text._ZN7Conrtol16Task_GetAttitudeEv) refers to conrtol.o(.text._ZN7Conrtol16Task_GetAttitudeEv) for [Anonymous Symbol]
    conrtol.o(.text.TASK_Count) refers to conrtol.o(.text._ZN7Conrtol10Task_CountEv) for Conrtol::Task_Count()
    conrtol.o(.ARM.exidx.text.TASK_Count) refers to Unwind-EHABI.cpp.o(.text.__aeabi_unwind_cpp_pr0) for __aeabi_unwind_cpp_pr0
[...]
    0x0800a2a4   0x0800a2a4   0x00000028   Code   RO         2008    .text.__cxa_pure_virtual  libcppabi_wx.l(cxa_virtual.cpp.o)
    0x0800a2cc   0x0800a2cc   0x0000005a   Code   RO         1948    .text.__cxa_rethrow  libcppabi_wx.l(cxa_exception.cpp.o)
    0x0800a326   0x0800a326   0x00000078   Code   RO         1955    .text.__cxa_rethrow_primary_exception  libcppabi_wx.l(cxa_exception.cpp.o)
    0x0800a39e   0x0800a39e   0x0000005a   Code   RO         1925    .text.__cxa_throw   libcppabi_wx.l(cxa_exception.cpp.o)
    0x0800a3f8   0x0800a3f8   0x000000a6   Code   RO         2541    .text.__dynamic_cast  libcppabi_wx.l(private_typeinfo.cpp.o)
    0x0800a49e   0x0800a49e   0x00000014   Code   RO         2046    .text.__gnu_unwind_frame  libunwind_wx.l(Unwind-EHABI.cpp.o)
    0x0800a4b2   0x0800a4b2   0x00000172   Code   RO         1992    .text.__gxx_personality_v0  libcppabi_wx.l(cxa_personality.cpp.o)
    0x0800a624   0x0800a624   0x000000be   Code   RO          570    .text.__user_perthread_libspace  clib_arm.o
    0x0800a6e2   0x0800a6e2   0x00000002   PAD
    0x0800a6e4   0x0800a6e4   0x00000028   Code   RO          576    .text._mutex_acquire  clib_arm.o
    0x0800a70c   0x0800a70c   0x00000018   Code   RO          580    .text._mutex_free   clib_arm.o
    0x0800a724   0x0800a724   0x00000030   Code   RO          574    .text._mutex_initialize  clib_arm.o
    0x0800a754   0x0800a754   0x00000024   Code   RO          578    .text._mutex_release  clib_arm.o
    0x0800a778   0x0800a778   0x0000000e   Code   RO          568    .text._platform_post_stackheap_init  clib_arm.o
    0x0800a786   0x0800a786   0x00000006   Code   RO         2203    .text.abort_message  libcppabi_wx.l(abort_message.cpp.o)
    0x0800a78c   0x0800a78c   0x00000052   Code   RO         2013    .text.decode_eht_entry  libunwind_wx.l(Unwind-EHABI.cpp.o)
    0x0800a7de   0x0800a7de   0x00000002   PAD
    0x0800a7e0   0x0800a7e0   0x000000cc   Code   RO         1610    .text.eTaskGetState  tasks.o
    0x0800a8ac   0x0800a8ac   0x00000216   Code   RO           45    .text.main          main.o
    0x0800aac2   0x0800aac2   0x00000002   PAD
    0x0800aac4   0x0800aac4   0x00000068   Code   RO          655    .text.osDelay       cmsis_os2.o
    0x0800ab2c   0x0800ab2c   0x00000066   Code   RO          657    .text.osDelayUntil  cmsis_os2.o
    0x0800ab92   0x0800ab92   0x00000002   PAD
    0x0800ab94   0x0800ab94   0x0000009c   Code   RO          677    .text.osEventFlagsClear  cmsis_os2.o
    0x0800ac30   0x0800ac30   0x00000074   Code   RO          683    .text.osEventFlagsDelete  cmsis_os2.o
    0x0800aca4   0x0800aca4   0x00000074   Code   RO          679    .text.osEventFlagsGet  cmsis_os2.o
    0x0800ad18   0x0800ad18   0x000000c2   Code   RO          673    .text.osEventFlagsNew  cmsis_os2.o
    0x0800adda   0x0800adda   0x00000002   PAD
    0x0800addc   0x0800addc   0x000000c0   Code   RO          675    .text.osEventFlagsSet  cmsis_os2.o
    0x0800ae9c   0x0800ae9c   0x0000012a   Code   RO          681    .text.osEventFlagsWait  cmsis_os2.o
    0x0800afc6   0x0800afc6   0x00000002   PAD
    0x0800afc8   0x0800afc8   0x00000056   Code   RO          601    .text.osKernelGetState  cmsis_os2.o
    0x0800b01e   0x0800b01e   0x00000002   PAD
    0x0800b020   0x0800b020   0x00000054   Code   RO          611    .text.osKernelGetTickCount  cmsis_os2.o
    0x0800b074   0x0800b074   0x00000076   Code   RO          597    .text.osKernelInitialize  cmsis_os2.o
    0x0800b0ea   0x0800b0ea   0x00000002   PAD
    0x0800b0ec   0x0800b0ec   0x0000008c   Code   RO          605    .text.osKernelLock  cmsis_os2.o
    0x0800b178   0x0800b178   0x000000c0   Code   RO          609    .text.osKernelRestoreLock  cmsis_os2.o
    0x0800b238   0x0800b238   0x0000007c   Code   RO          603    .text.osKernelStart  cmsis_os2.o
    0x0800b2b4   0x0800b2b4   0x000000a2   Code   RO          607    .text.osKernelUnlock  cmsis_os2.o
    0x0800b356   0x0800b356   0x00000002   PAD
    0x0800b358   0x0800b358   0x00000074   Code   RO          721    .text.osMessageQueueDelete  cmsis_os2.o
    0x0800b3cc   0x0800b3cc   0x00000110   Code   RO          709    .text.osMessageQueueGet  cmsis_os2.o
    0x0800b4dc   0x0800b4dc   0x00000072   Code   RO          715    .text.osMessageQueueGetCount  cmsis_os2.o
    0x0800b54e   0x0800b54e   0x00000002   PAD
    0x0800b550   0x0800b550   0x0000009a   Code   RO          717    .text.osMessageQueueGetSpace  cmsis_os2.o
    0x0800b5ea   0x0800b5ea   0x00000002   PAD
    0x0800b5ec   0x0800b5ec   0x00000126   Code   RO          705    .text.osMessageQueueNew  cmsis_os2.o
    0x0800b712   0x0800b712   0x00000002   PAD
    0x0800b714   0x0800b714   0x0000011e   Code   RO          707    .text.osMessageQueuePut  cmsis_os2.o
    0x0800b832   0x0800b832   0x00000002   PAD
    0x0800b834   0x0800b834   0x0000007c   Code   RO          719    .text.osMessageQueueReset  cmsis_os2.o
    0x0800b8b0   0x0800b8b0   0x000000dc   Code   RO          687    .text.osMutexAcquire  cmsis_os2.o
    0x0800b98c   0x0800b98c   0x00000078   Code   RO          693    .text.osMutexDelete  cmsis_os2.o
    0x0800ba04   0x0800ba04   0x0000006a   Code   RO          691    .text.osMutexGetOwner  cmsis_os2.o
    0x0800ba6e   0x0800ba6e   0x00000002   PAD
    0x0800ba70   0x0800ba70   0x0000014a   Code   RO          685    .text.osMutexNew    cmsis_os2.o
    0x0800bbba   0x0800bbba   0x00000002   PAD
    0x0800bbbc   0x0800bbbc   0x000000b6   Code   RO          689    .text.osMutexRelease  cmsis_os2.o
    0x0800bc72   0x0800bc72   0x00000002   PAD
    0x0800bc74   0x0800bc74   0x000000ea   Code   RO          697    .text.osSemaphoreAcquire  cmsis_os2.o
    0x0800bd5e   0x0800bd5e   0x00000002   PAD
    0x0800bd60   0x0800bd60   0x00000074   Code   RO          703    .text.osSemaphoreDelete  cmsis_os2.o
    0x0800bdd4   0x0800bdd4   0x00000072   Code   RO          701    .text.osSemaphoreGetCount  cmsis_os2.o
    0x0800be46   0x0800be46   0x00000002   PAD
    0x0800be48   0x0800be48   0x00000162   Code   RO          695    .text.osSemaphoreNew  cmsis_os2.o
    0x0800bfaa   0x0800bfaa   0x00000002   PAD
    0x0800bfac   0x0800bfac   0x000000c0   Code   RO          699    .text.osSemaphoreRelease  cmsis_os2.o
    0x0800c06c   0x0800c06c   0x000000f6   Code   RO          645    .text.osThreadEnumerate  cmsis_os2.o
    0x0800c162   0x0800c162   0x00000002   PAD
    0x0800c164   0x0800c164   0x000000b8   Code   RO          649    .text.osThreadFlagsClear  cmsis_os2.o
    0x0800c21c   0x0800c21c   0x00000072   Code   RO          651    .text.osThreadFlagsGet  cmsis_os2.o
    0x0800c28e   0x0800c28e   0x00000002   PAD
    0x0800c290   0x0800c290   0x000000f6   Code   RO          647    .text.osThreadFlagsSet  cmsis_os2.o
    0x0800c386   0x0800c386   0x00000002   PAD
    0x0800c388   0x0800c388   0x00000164   Code   RO          653    .text.osThreadFlagsWait  cmsis_os2.o
    0x0800c4ec   0x0800c4ec   0x00000052   Code   RO          643    .text.osThreadGetCount  cmsis_os2.o
    0x0800c53e   0x0800c53e   0x00000002   PAD
    0x0800c540   0x0800c540   0x00000052   Code   RO          623    .text.osThreadGetId  cmsis_os2.o
    0x0800c592   0x0800c592   0x00000002   PAD
    0x0800c594   0x0800c594   0x00000066   Code   RO          621    .text.osThreadGetName  cmsis_os2.o
    0x0800c5fa   0x0800c5fa   0x00000002   PAD
    0x0800c5fc   0x0800c5fc   0x00000068   Code   RO          631    .text.osThreadGetPriority  cmsis_os2.o
    0x0800c664   0x0800c664   0x00000066   Code   RO          627    .text.osThreadGetStackSpace  cmsis_os2.o
    0x0800c6ca   0x0800c6ca   0x00000002   PAD
    0x0800c6cc   0x0800c6cc   0x0000009e   Code   RO          625    .text.osThreadGetState  cmsis_os2.o
    0x0800c76a   0x0800c76a   0x00000002   PAD
    0x0800c76c   0x0800c76c   0x000001b8   Code   RO          619    .text.osThreadNew   cmsis_os2.o
    0x0800c924   0x0800c924   0x00000074   Code   RO          637    .text.osThreadResume  cmsis_os2.o
    0x0800c998   0x0800c998   0x0000008c   Code   RO          629    .text.osThreadSetPriority  cmsis_os2.o
    0x0800ca24   0x0800ca24   0x00000074   Code   RO          635    .text.osThreadSuspend  cmsis_os2.o
    0x0800ca98   0x0800ca98   0x00000092   Code   RO          641    .text.osThreadTerminate  cmsis_os2.o
    0x0800cb2a   0x0800cb2a   0x00000002   PAD
    0x0800cb2c   0x0800cb2c   0x00000066   Code   RO          633    .text.osThreadYield  cmsis_os2.o
    0x0800cb92   0x0800cb92   0x00000002   PAD
    0x0800cb94   0x0800cb94   0x000000a6   Code   RO          671    .text.osTimerDelete  cmsis_os2.o
    0x0800cc3a   0x0800cc3a   0x00000002   PAD
    0x0800cc3c   0x0800cc3c   0x00000066   Code   RO          663    .text.osTimerGetName  cmsis_os2.o
    0x0800cca2   0x0800cca2   0x00000002   PAD
    0x0800cca4   0x0800cca4   0x00000066   Code   RO          669    .text.osTimerIsRunning  cmsis_os2.o
    0x0800cd0a   0x0800cd0a   0x00000002   PAD
    0x0800cd0c   0x0800cd0c   0x00000160   Code   RO          659    .text.osTimerNew    cmsis_os2.o
    0x0800ce6c   0x0800ce6c   0x00000094   Code   RO          665    .text.osTimerStart  cmsis_os2.o
    0x0800cf00   0x0800cf00   0x000000a6   Code   RO          667    .text.osTimerStop   cmsis_os2.o
    0x0800cfa6   0x0800cfa6   0x00000002   PAD
    0x0800cfa8   0x0800cfa8   0x00000040   Code   RO          572    .text.os_kernel_is_active  clib_arm.o
    0x0800cfe8   0x0800cfe8   0x00000030   Code   RO         1642    .text.pcTaskGetName  tasks.o
    0x0800d018   0x0800d018   0x00000014   Code   RO         1758    .text.pcTimerGetName  timers.o
    0x0800d02c   0x0800d02c   0x000000e2   Code   RO         1604    .text.prvAddCurrentTaskToDelayedList  tasks.o
    0x0800d10e   0x0800d10e   0x00000002   PAD
    0x0800d110   0x0800d110   0x00000132   Code   RO         1590    .text.prvAddNewTaskToReadyList  tasks.o
    0x0800d242   0x0800d242   0x00000002   PAD
    0x0800d244   0x0800d244   0x00000088   Code   RO         1740    .text.prvCheckForValidListAndQueue  timers.o
    0x0800d2cc   0x0800d2cc   0x00000072   Code   RO         1704    .text.prvCheckTasksWaitingTermination  tasks.o
    0x0800d33e   0x0800d33e   0x00000002   PAD
    0x0800d340   0x0800d340   0x00000054   Code   RO         1544    .text.prvCopyDataFromQueue  queue.o
    0x0800d394   0x0800d394   0x000000fe   Code   RO         1532    .text.prvCopyDataToQueue  queue.o
    0x0800d492   0x0800d492   0x00000002   PAD
    0x0800d494   0x0800d494   0x00000042   Code   RO         1596    .text.prvDeleteTCB  tasks.o
    0x0800d4d6   0x0800d4d6   0x00000002   PAD
    0x0800d4d8   0x0800d4d8   0x0000002c   Code   RO         1548    .text.prvGetDisinheritPriorityAfterTimeout  queue.o
    0x0800d504   0x0800d504   0x00000046   Code   RO         1774    .text.prvGetNextExpireTime  timers.o
    0x0800d54a   0x0800d54a   0x00000002   PAD
    0x0800d54c   0x0800d54c   0x000000be   Code   RO         1474    .text.prvHeapInit   heap_4.o
    0x0800d60a   0x0800d60a   0x00000002   PAD
    0x0800d60c   0x0800d60c   0x00000040   Code   RO         1630    .text.prvIdleTask   tasks.o
    0x0800d64c   0x0800d64c   0x00000036   Code   RO         1512    .text.prvInitialiseMutex  queue.o
    0x0800d682   0x0800d682   0x00000002   PAD
    0x0800d684   0x0800d684   0x00000064   Code   RO         1506    .text.prvInitialiseNewQueue  queue.o
    0x0800d6e8   0x0800d6e8   0x00000114   Code   RO         1588    .text.prvInitialiseNewTask  tasks.o
    0x0800d7fc   0x0800d7fc   0x00000078   Code   RO         1746    .text.prvInitialiseNewTimer  timers.o
    0x0800d874   0x0800d874   0x00000092   Code   RO         1702    .text.prvInitialiseTaskLists  tasks.o
    0x0800d906   0x0800d906   0x00000002   PAD
    0x0800d908   0x0800d908   0x000000ca   Code   RO         1476    .text.prvInsertBlockIntoFreeList  heap_4.o
    0x0800d9d2   0x0800d9d2   0x00000002   PAD
    0x0800d9d4   0x0800d9d4   0x0000009a   Code   RO         1786    .text.prvInsertTimerInActiveList  timers.o
    0x0800da6e   0x0800da6e   0x00000002   PAD
    0x0800da70   0x0800da70   0x0000002e   Code   RO         1546    .text.prvIsQueueEmpty  queue.o
    0x0800da9e   0x0800da9e   0x00000002   PAD
    0x0800daa0   0x0800daa0   0x00000032   Code   RO         1534    .text.prvIsQueueFull  queue.o
    0x0800dad2   0x0800dad2   0x00000002   PAD
    0x0800dad4   0x0800dad4   0x000000b4   Code   RO         1646    .text.prvListTasksWithinSingleList  tasks.o
    0x0800db88   0x0800db88   0x00000020   Code   RO         1449    .text.prvPortStartFirstTask  port.o
    0x0800dba8   0x0800dba8   0x00000074   Code   RO         1782    .text.prvProcessExpiredTimer  timers.o
    0x0800dc1c   0x0800dc1c   0x0000011c   Code   RO         1778    .text.prvProcessReceivedCommands  timers.o
    0x0800dd38   0x0800dd38   0x000000b2   Code   RO         1776    .text.prvProcessTimerOrBlockTask  timers.o
    0x0800ddea   0x0800ddea   0x00000002   PAD
    0x0800ddec   0x0800ddec   0x00000048   Code   RO         1598    .text.prvResetNextTaskUnblockTime  tasks.o
    0x0800de34   0x0800de34   0x0000004c   Code   RO         1780    .text.prvSampleTimeNow  timers.o
    0x0800de80   0x0800de80   0x000000ba   Code   RO         1784    .text.prvSwitchTimerLists  timers.o
    0x0800df3a   0x0800df3a   0x00000002   PAD
    0x0800df3c   0x0800df3c   0x00000034   Code   RO         1672    .text.prvTaskCheckFreeStackSpace  tasks.o
    0x0800df70   0x0800df70   0x00000028   Code   RO         1441    .text.prvTaskExitError  port.o
    0x0800df98   0x0800df98   0x00000054   Code   RO         1624    .text.prvTaskIsTaskSuspended  tasks.o
    0x0800dfec   0x0800dfec   0x00000056   Code   RO         1389    .text.prvTestWaitCondition  event_groups.o
    0x0800e042   0x0800e042   0x00000002   PAD
    0x0800e044   0x0800e044   0x00000022   Code   RO         1742    .text.prvTimerTask  timers.o
    0x0800e066   0x0800e066   0x00000002   PAD
    0x0800e068   0x0800e068   0x000000ba   Code   RO         1536    .text.prvUnlockQueue  queue.o
    0x0800e122   0x0800e122   0x00000002   PAD
    0x0800e124   0x0800e124   0x00000192   Code   RO         1472    .text.pvPortMalloc  heap_4.o
    0x0800e2b6   0x0800e2b6   0x00000002   PAD
    0x0800e2b8   0x0800e2b8   0x0000002e   Code   RO         1688    .text.pvTaskIncrementMutexHeldCount  tasks.o
    0x0800e2e6   0x0800e2e6   0x00000002   PAD
    0x0800e2e8   0x0800e2e8   0x00000022   Code   RO         1762    .text.pvTimerGetTimerID  timers.o
    0x0800e30a   0x0800e30a   0x00000002   PAD
    0x0800e30c   0x0800e30c   0x00000062   Code   RO         1439    .text.pxPortInitialiseStack  port.o
    0x0800e36e   0x0800e36e   0x00000002   PAD
    0x0800e370   0x0800e370   0x000000d4   Code   RO         1690    .text.ulTaskNotifyTake  tasks.o
    0x0800e444   0x0800e444   0x0000002e   Code   RO         2284    .text.unw_get_fpreg  libunwind_wx.l(libunwind.cpp.o)
    0x0800e472   0x0800e472   0x0000001e   Code   RO         2290    .text.unw_get_proc_info  libunwind_wx.l(libunwind.cpp.o)
    0x0800e490   0x0800e490   0x0000002c   Code   RO         2280    .text.unw_get_reg   libunwind_wx.l(libunwind.cpp.o)
    0x0800e4bc   0x0800e4bc   0x00000046   Code   RO         2278    .text.unw_init_local  libunwind_wx.l(libunwind.cpp.o)
    0x0800e502   0x0800e502   0x00000012   Code   RO         2292    .text.unw_resume    libunwind_wx.l(libunwind.cpp.o)
    0x0800e514   0x0800e514   0x00000006   Code   RO         2302    .text.unw_save_vfp_as_X  libunwind_wx.l(libunwind.cpp.o)
    0x0800e51a   0x0800e51a   0x00000036   Code   RO         2286    .text.unw_set_fpreg  libunwind_wx.l(libunwind.cpp.o)
    0x0800e550   0x0800e550   0x00000040   Code   RO         2282    .text.unw_set_reg   libunwind_wx.l(libunwind.cpp.o)
    0x0800e590   0x0800e590   0x00000006   Code   RO         2288    .text.unw_step      libunwind_wx.l(libunwind.cpp.o)
    0x0800e596   0x0800e596   0x00000002   PAD
    0x0800e598   0x0800e598   0x0000004c   Code   RO         1427    .text.uxListRemove  list.o
    0x0800e5e4   0x0800e5e4   0x0000001e   Code   RO         1556    .text.uxQueueMessagesWaiting  queue.o
    0x0800e602   0x0800e602   0x00000002   PAD
    0x0800e604   0x0800e604   0x00000014   Code   RO         1560    .text.uxQueueMessagesWaitingFromISR  queue.o
    0x0800e618   0x0800e618   0x00000026   Code   RO         1558    .text.uxQueueSpacesAvailable  queue.o
    0x0800e63e   0x0800e63e   0x00000002   PAD
    0x0800e640   0x0800e640   0x0000000c   Code   RO         1640    .text.uxTaskGetNumberOfTasks  tasks.o
    0x0800e64c   0x0800e64c   0x0000003e   Code   RO         1674    .text.uxTaskGetStackHighWaterMark  tasks.o
    0x0800e68a   0x0800e68a   0x00000002   PAD
    0x0800e68c   0x0800e68c   0x0000011e   Code   RO         1644    .text.uxTaskGetSystemState  tasks.o
    0x0800e7aa   0x0800e7aa   0x00000002   PAD
    0x0800e7ac   0x0800e7ac   0x0000003e   Code   RO         1612    .text.uxTaskPriorityGet  tasks.o
    0x0800e7ea   0x0800e7ea   0x00000002   PAD
    0x0800e7ec   0x0800e7ec   0x0000005a   Code   RO         1614    .text.uxTaskPriorityGetFromISR  tasks.o
    0x0800e846   0x0800e846   0x00000002   PAD
    0x0800e848   0x0800e848   0x00000022   Code   RO         1686    .text.uxTaskResetEventItemValue  tasks.o
    0x0800e86a   0x0800e86a   0x00000002   PAD
    0x0800e86c   0x0800e86c   0x0000003c   Code   RO          725    .text.vApplicationGetIdleTaskMemory  cmsis_os2.o
    0x0800e8a8   0x0800e8a8   0x0000003c   Code   RO          727    .text.vApplicationGetTimerTaskMemory  cmsis_os2.o
    0x0800e8e4   0x0800e8e4   0x00000012   Code   RO          723    .text.vApplicationStackOverflowHook  cmsis_os2.o
    0x0800e8f6   0x0800e8f6   0x00000002   PAD
    0x0800e8f8   0x0800e8f8   0x0000001e   Code   RO         1395    .text.vEventGroupClearBitsCallback  event_groups.o
    0x0800e916   0x0800e916   0x00000002   PAD
    0x0800e918   0x0800e918   0x00000050   Code   RO         1399    .text.vEventGroupDelete  event_groups.o
    0x0800e968   0x0800e968   0x0000001e   Code   RO         1401    .text.vEventGroupSetBitsCallback  event_groups.o
    0x0800e986   0x0800e986   0x00000002   PAD
    0x0800e988   0x0800e988   0x00000032   Code   RO         1419    .text.vListInitialise  list.o
    0x0800e9ba   0x0800e9ba   0x00000002   PAD
    0x0800e9bc   0x0800e9bc   0x00000012   Code   RO         1421    .text.vListInitialiseItem  list.o
    0x0800e9ce   0x0800e9ce   0x00000002   PAD
    0x0800e9d0   0x0800e9d0   0x00000074   Code   RO         1425    .text.vListInsert   list.o
    0x0800ea44   0x0800ea44   0x00000042   Code   RO         1423    .text.vListInsertEnd  list.o
    0x0800ea86   0x0800ea86   0x00000002   PAD
    0x0800ea88   0x0800ea88   0x00000002   Code   RO         1451    .text.vPortEndScheduler  port.o
    0x0800ea8a   0x0800ea8a   0x00000002   PAD
    0x0800ea8c   0x0800ea8c   0x00000030   Code   RO         1453    .text.vPortEnterCritical  port.o
    0x0800eabc   0x0800eabc   0x00000028   Code   RO         1455    .text.vPortExitCritical  port.o
    0x0800eae4   0x0800eae4   0x00000082   Code   RO         1478    .text.vPortFree     heap_4.o
    0x0800eb66   0x0800eb66   0x00000002   PAD
    0x0800eb68   0x0800eb68   0x0000004a   Code   RO         1447    .text.vPortSetupTimerInterrupt  port.o
    0x0800ebb2   0x0800ebb2   0x00000002   PAD
    0x0800ebb4   0x0800ebb4   0x00000028   Code   RO         1562    .text.vQueueDelete  queue.o
    0x0800ebdc   0x0800ebdc   0x00000080   Code   RO         1574    .text.vQueueWaitForMessageRestricted  queue.o
    0x0800ec5c   0x0800ec5c   0x00000052   Code   RO         1608    .text.vTaskDelay    tasks.o
    0x0800ecae   0x0800ecae   0x00000002   PAD
    0x0800ecb0   0x0800ecb0   0x000000c4   Code   RO         1600    .text.vTaskDelayUntil  tasks.o
    0x0800ed74   0x0800ed74   0x000000fc   Code   RO         1594    .text.vTaskDelete   tasks.o
    0x0800ee70   0x0800ee70   0x0000002a   Code   RO         1632    .text.vTaskEndScheduler  tasks.o
    0x0800ee9a   0x0800ee9a   0x00000002   PAD
    0x0800ee9c   0x0800ee9c   0x0000010a   Code   RO         1670    .text.vTaskGetInfo  tasks.o
    0x0800efa6   0x0800efa6   0x00000002   PAD
    0x0800efa8   0x0800efa8   0x00000028   Code   RO         1660    .text.vTaskInternalSetTimeOutState  tasks.o
    0x0800efd0   0x0800efd0   0x0000000e   Code   RO         1664    .text.vTaskMissedYield  tasks.o
    0x0800efde   0x0800efde   0x00000002   PAD
    0x0800efe0   0x0800efe0   0x00000114   Code   RO         1698    .text.vTaskNotifyGiveFromISR  tasks.o
    0x0800f0f4   0x0800f0f4   0x0000002e   Code   RO         1648    .text.vTaskPlaceOnEventList  tasks.o
    0x0800f122   0x0800f122   0x00000002   PAD
    0x0800f124   0x0800f124   0x00000048   Code   RO         1652    .text.vTaskPlaceOnEventListRestricted  tasks.o
    0x0800f16c   0x0800f16c   0x00000042   Code   RO         1650    .text.vTaskPlaceOnUnorderedEventList  tasks.o
    0x0800f1ae   0x0800f1ae   0x00000002   PAD
    0x0800f1b0   0x0800f1b0   0x000000fc   Code   RO         1684    .text.vTaskPriorityDisinheritAfterTimeout  tasks.o
    0x0800f2ac   0x0800f2ac   0x00000196   Code   RO         1616    .text.vTaskPrioritySet  tasks.o
    0x0800f442   0x0800f442   0x00000002   PAD
    0x0800f444   0x0800f444   0x000000a0   Code   RO         1656    .text.vTaskRemoveFromUnorderedEventList  tasks.o
    0x0800f4e4   0x0800f4e4   0x000000ca   Code   RO         1622    .text.vTaskResume   tasks.o
    0x0800f5ae   0x0800f5ae   0x00000002   PAD
    0x0800f5b0   0x0800f5b0   0x00000032   Code   RO         1658    .text.vTaskSetTimeOutState  tasks.o
    0x0800f5e2   0x0800f5e2   0x00000002   PAD
    0x0800f5e4   0x0800f5e4   0x000000c8   Code   RO         1628    .text.vTaskStartScheduler  tasks.o
    0x0800f6ac   0x0800f6ac   0x00000118   Code   RO         1618    .text.vTaskSuspend  tasks.o
    0x0800f7c4   0x0800f7c4   0x00000010   Code   RO         1602    .text.vTaskSuspendAll  tasks.o
    0x0800f7d4   0x0800f7d4   0x0000010e   Code   RO         1620    .text.vTaskSwitchContext  tasks.o
    0x0800f8e2   0x0800f8e2   0x00000002   PAD
    0x0800f8e4   0x0800f8e4   0x00000034   Code   RO         1391    .text.xEventGroupClearBits  event_groups.o
    0x0800f918   0x0800f918   0x00000038   Code   RO         1393    .text.xEventGroupClearBitsFromISR  event_groups.o
    0x0800f950   0x0800f950   0x00000034   Code   RO         1381    .text.xEventGroupCreate  event_groups.o
    0x0800f984   0x0800f984   0x00000034   Code   RO         1379    .text.xEventGroupCreateStatic  event_groups.o
    0x0800f9b8   0x0800f9b8   0x0000003e   Code   RO         1397    .text.xEventGroupGetBitsFromISR  event_groups.o
    0x0800f9f6   0x0800f9f6   0x00000002   PAD
    0x0800f9f8   0x0800f9f8   0x000000f2   Code   RO         1385    .text.xEventGroupSetBits  event_groups.o
    0x0800faea   0x0800faea   0x00000002   PAD
    0x0800faec   0x0800faec   0x0000003c   Code   RO         1403    .text.xEventGroupSetBitsFromISR  event_groups.o
    0x0800fb28   0x0800fb28   0x00000124   Code   RO         1383    .text.xEventGroupSync  event_groups.o
    0x0800fc4c   0x0800fc4c   0x0000015c   Code   RO         1387    .text.xEventGroupWaitBits  event_groups.o
    0x0800fda8   0x0800fda8   0x0000000c   Code   RO         1480    .text.xPortGetFreeHeapSize  heap_4.o
    0x0800fdb4   0x0800fdb4   0x0000000c   Code   RO         1482    .text.xPortGetMinimumEverFreeHeapSize  heap_4.o
    0x0800fdc0   0x0800fdc0   0x00000040   Code   RO         1445    .text.xPortStartScheduler  port.o
    0x0800fe00   0x0800fe00   0x0000003e   Code   RO         1459    .text.xPortSysTickHandler  port.o
    0x0800fe3e   0x0800fe3e   0x00000002   PAD
    0x0800fe40   0x0800fe40   0x00000038   Code   RO         1530    .text.xQueueCreateCountingSemaphore  queue.o
    0x0800fe78   0x0800fe78   0x0000004c   Code   RO         1528    .text.xQueueCreateCountingSemaphoreStatic  queue.o
    0x0800fec4   0x0800fec4   0x0000002e   Code   RO         1510    .text.xQueueCreateMutex  queue.o
    0x0800fef2   0x0800fef2   0x00000002   PAD
    0x0800fef4   0x0800fef4   0x00000044   Code   RO         1514    .text.xQueueCreateMutexStatic  queue.o
    0x0800ff38   0x0800ff38   0x00000076   Code   RO         1508    .text.xQueueGenericCreate  queue.o
    0x0800ffae   0x0800ffae   0x00000002   PAD
    0x0800ffb0   0x0800ffb0   0x0000005c   Code   RO         1504    .text.xQueueGenericCreateStatic  queue.o
    0x0801000c   0x0801000c   0x000000ac   Code   RO         1502    .text.xQueueGenericReset  queue.o
    0x080100b8   0x080100b8   0x000001ac   Code   RO         1522    .text.xQueueGenericSend  queue.o
    0x08010264   0x08010264   0x000000d6   Code   RO         1538    .text.xQueueGenericSendFromISR  queue.o
    0x0801033a   0x0801033a   0x00000002   PAD
    0x0801033c   0x0801033c   0x00000030   Code   RO         1516    .text.xQueueGetMutexHolder  queue.o
    0x0801036c   0x0801036c   0x000000be   Code   RO         1540    .text.xQueueGiveFromISR  queue.o
    0x0801042a   0x0801042a   0x00000002   PAD
    0x0801042c   0x0801042c   0x00000058   Code   RO         1520    .text.xQueueGiveMutexRecursive  queue.o
    0x08010484   0x08010484   0x0000019c   Code   RO         1550    .text.xQueuePeek    queue.o
    0x08010620   0x08010620   0x0000006a   Code   RO         1554    .text.xQueuePeekFromISR  queue.o
    0x0801068a   0x0801068a   0x00000002   PAD
    0x0801068c   0x0801068c   0x00000198   Code   RO         1542    .text.xQueueReceive  queue.o
    0x08010824   0x08010824   0x000000cc   Code   RO         1552    .text.xQueueReceiveFromISR  queue.o
    0x080108f0   0x080108f0   0x000001ea   Code   RO         1526    .text.xQueueSemaphoreTake  queue.o
    0x08010ada   0x08010ada   0x00000002   PAD
    0x08010adc   0x08010adc   0x0000005a   Code   RO         1524    .text.xQueueTakeMutexRecursive  queue.o
    0x08010b36   0x08010b36   0x00000002   PAD
    0x08010b38   0x08010b38   0x0000009e   Code   RO         1662    .text.xTaskCheckForTimeOut  tasks.o
    0x08010bd6   0x08010bd6   0x00000002   PAD
    0x08010bd8   0x08010bd8   0x000000be   Code   RO         1592    .text.xTaskCreate   tasks.o
    0x08010c96   0x08010c96   0x00000002   PAD
    0x08010c98   0x08010c98   0x00000096   Code   RO         1586    .text.xTaskCreateStatic  tasks.o
    0x08010d2e   0x08010d2e   0x00000002   PAD
    0x08010d30   0x08010d30   0x0000013e   Code   RO         1694    .text.xTaskGenericNotify  tasks.o
    0x08010e6e   0x08010e6e   0x00000002   PAD
    0x08010e70   0x08010e70   0x0000018e   Code   RO         1696    .text.xTaskGenericNotifyFromISR  tasks.o
    0x08010ffe   0x08010ffe   0x00000002   PAD
    0x08011000   0x08011000   0x00000014   Code   RO         1676    .text.xTaskGetCurrentTaskHandle  tasks.o
    0x08011014   0x08011014   0x0000003c   Code   RO         1678    .text.xTaskGetSchedulerState  tasks.o
    0x08011050   0x08011050   0x00000014   Code   RO         1636    .text.xTaskGetTickCount  tasks.o
    0x08011064   0x08011064   0x00000018   Code   RO         1638    .text.xTaskGetTickCountFromISR  tasks.o
    0x0801107c   0x0801107c   0x000001b6   Code   RO         1634    .text.xTaskIncrementTick  tasks.o
    0x08011232   0x08011232   0x00000002   PAD
    0x08011234   0x08011234   0x00000058   Code   RO         1700    .text.xTaskNotifyStateClear  tasks.o
    0x0801128c   0x0801128c   0x000000f6   Code   RO         1692    .text.xTaskNotifyWait  tasks.o
    0x08011382   0x08011382   0x00000002   PAD
    0x08011384   0x08011384   0x000000b4   Code   RO         1682    .text.xTaskPriorityDisinherit  tasks.o
    0x08011438   0x08011438   0x0000011a   Code   RO         1680    .text.xTaskPriorityInherit  tasks.o
    0x08011552   0x08011552   0x00000002   PAD
    0x08011554   0x08011554   0x000000c6   Code   RO         1654    .text.xTaskRemoveFromEventList  tasks.o
    0x0801161a   0x0801161a   0x00000002   PAD
    0x0801161c   0x0801161c   0x00000184   Code   RO         1606    .text.xTaskResumeAll  tasks.o
    0x080117a0   0x080117a0   0x000000e4   Code   RO         1626    .text.xTaskResumeFromISR  tasks.o
    0x08011884   0x08011884   0x00000064   Code   RO         1744    .text.xTimerCreate  timers.o
    0x080118e8   0x080118e8   0x00000066   Code   RO         1748    .text.xTimerCreateStatic  timers.o
    0x0801194e   0x0801194e   0x00000002   PAD
    0x08011950   0x08011950   0x0000007c   Code   RO         1738    .text.xTimerCreateTimerTask  timers.o
    0x080119cc   0x080119cc   0x000000ae   Code   RO         1750    .text.xTimerGenericCommand  timers.o
    0x08011a7a   0x08011a7a   0x00000002   PAD
    0x08011a7c   0x08011a7c   0x0000000c   Code   RO         1752    .text.xTimerGetTimerDaemonTaskHandle  timers.o
    0x08011a88   0x08011a88   0x00000028   Code   RO         1760    .text.xTimerIsTimerActive  timers.o
    0x08011ab0   0x08011ab0   0x0000004e   Code   RO         1768    .text.xTimerPendFunctionCall  timers.o
    0x08011afe   0x08011afe   0x00000002   PAD
    0x08011b00   0x08011b00   0x0000004e   Code   RO         1766    .text.xTimerPendFunctionCallFromISR  timers.o
    0x08011b4e   0x08011b4e   0x00000026   Code   RO         2351    i.__ARM_fpclassifyf  m_ws.l(fpclassifyf.o)
    0x08011b74   0x08011b74   0x00000006   Code   RO         2354    i.__mathlib_flt_infnan  m_ws.l(funder.o)
    0x08011b7a   0x08011b7a   0x00000004   Code   RO         2355    i.__mathlib_flt_infnan2  m_ws.l(funder.o)
    0x08011b7e   0x08011b7e   0x00000008   Code   RO         2356    i.__mathlib_flt_invalid  m_ws.l(funder.o)
    0x08011b86   0x08011b86   0x0000000a   Code   RO         2359    i.__mathlib_flt_underflow  m_ws.l(funder.o)
    0x08011b90   0x08011b90   0x00000168   Code   RO         2367    i.__mathlib_rredf2  m_ws.l(rredf.o)
    0x08011cf8   0x08011cf8   0x00000124   Code   RO         2057    i.asinf             m_ws.l(asinf.o)
    0x08011e1c   0x08011e1c   0x0000028c   Code   RO         2065    i.atan2f            m_ws.l(atan2f.o)
    0x080120a8   0x080120a8   0x00000188   Code   RO         2083    i.sinf              m_ws.l(sinf.o)
    0x08012230   0x08012230   0x0000002c   Code   RO         2091    i.sqrtf             m_ws.l(sqrtf.o)
    0x0801225c   0x0801225c   0x00000150   Code   RO         1819    x$fpl$dadd          fz_ws.l(daddsub_clz.o)
    0x080123ac   0x080123ac   0x00000018   Code   RO         2476    x$fpl$dcmpinf       fz_ws.l(dcmpi.o)
    0x080123c4   0x080123c4   0x00000078   Code   RO         2173    x$fpl$deqf          fz_ws.l(deqf.o)
    0x0801243c   0x0801243c   0x0000005e   Code   RO         1827    x$fpl$dfix          fz_ws.l(dfix.o)
    0x0801249a   0x0801249a   0x0000002e   Code   RO         1832    x$fpl$dflt          fz_ws.l(dflt_clz.o)
    0x080124c8   0x080124c8   0x00000078   Code   RO         2175    x$fpl$dgeqf         fz_ws.l(dgeqf.o)
    0x08012540   0x08012540   0x00000078   Code   RO         2177    x$fpl$dleqf         fz_ws.l(dleqf.o)
    0x080125b8   0x080125b8   0x0000009c   Code   RO         2179    x$fpl$dnaninf       fz_ws.l(dnaninf.o)
    0x08012654   0x08012654   0x0000000c   Code   RO         2181    x$fpl$dretinf       fz_ws.l(dretinf.o)
    0x08012660   0x08012660   0x000001d4   Code   RO         1821    x$fpl$dsub          fz_ws.l(daddsub_clz.o)
    0x08012834   0x08012834   0x000000c4   Code   RO         1837    x$fpl$fadd          fz_ws.l(faddsub_clz.o)
    0x080128f8   0x080128f8   0x0000000c   Code   RO         2478    x$fpl$fcheck1       fz_ws.l(fcheck1.o)
    0x08012904   0x08012904   0x00000054   Code   RO         1825    x$fpl$fcmp          fz_ws.l(dcmp.o)
    0x08012958   0x08012958   0x00000054   Code   RO         1843    x$fpl$fcmp          fz_ws.l(fcmp.o)
    0x080129ac   0x080129ac   0x00000018   Code   RO         2480    x$fpl$fcmpinf       fz_ws.l(fcmpi.o)
    0x080129c4   0x080129c4   0x00000184   Code   RO         1846    x$fpl$fdiv          fz_ws.l(fdiv.o)
    0x08012b48   0x08012b48   0x00000068   Code   RO         2183    x$fpl$feqf          fz_ws.l(feqf.o)
    0x08012bb0   0x08012bb0   0x00000036   Code   RO         1849    x$fpl$ffix          fz_ws.l(ffix.o)
    0x08012be6   0x08012be6   0x00000002   PAD
    0x08012be8   0x08012be8   0x0000003e   Code   RO         1853    x$fpl$ffixu         fz_ws.l(ffixu.o)
    0x08012c26   0x08012c26   0x00000002   PAD
    0x08012c28   0x08012c28   0x00000030   Code   RO         1858    x$fpl$fflt          fz_ws.l(fflt_clz.o)
    0x08012c58   0x08012c58   0x00000026   Code   RO         1857    x$fpl$ffltu         fz_ws.l(fflt_clz.o)
    0x08012c7e   0x08012c7e   0x00000002   PAD
    0x08012c80   0x08012c80   0x00000068   Code   RO         2185    x$fpl$fgeqf         fz_ws.l(fgeqf.o)
    0x08012ce8   0x08012ce8   0x00000068   Code   RO         2187    x$fpl$fleqf         fz_ws.l(fleqf.o)
    0x08012d50   0x08012d50   0x00000102   Code   RO         1863    x$fpl$fmul          fz_ws.l(fmul.o)
    0x08012e52   0x08012e52   0x0000008c   Code   RO         2189    x$fpl$fnaninf       fz_ws.l(fnaninf.o)
    0x08012ede   0x08012ede   0x0000000a   Code   RO         2191    x$fpl$fretinf       fz_ws.l(fretinf.o)
    0x08012ee8   0x08012ee8   0x00000060   Code   RO         2193    x$fpl$frnd          fz_ws.l(frnd.o)
    0x08012f48   0x08012f48   0x00000014   Code   RO         1838    x$fpl$frsb          fz_ws.l(faddsub_clz.o)
    0x08012f5c   0x08012f5c   0x00000110   Code   RO         2195    x$fpl$fsqrt         fz_ws.l(fsqrt.o)
    0x0801306c   0x0801306c   0x000000ea   Code   RO         1839    x$fpl$fsub          fz_ws.l(faddsub_clz.o)
    0x08013156   0x08013156   0x00000064   Code   RO         2788    x$fpl$retnan        fz_ws.l(retnan.o)
    0x080131ba   0x080131ba   0x0000004c   Code   RO         2199    x$fpl$scalbnf       fz_ws.l(scalbnf.o)
    0x08013206   0x08013206   0x00000030   Code   RO         2834    x$fpl$trapveneer    fz_ws.l(trapv.o)
    0x08013236   0x08013236   0x00000000   Code   RO         2201    x$fpl$usenofp       fz_ws.l(usenofp.o)
    0x08013236   0x08013236   0x00000002   PAD
    0x08013238   0x08013238   0x0000000c   Data   RO         2038    .ARM.extab.text._Unwind_Resume  libunwind_wx.l(Unwind-EHABI.cpp.o)
    0x08013244   0x08013244   0x00000050   Data   RO          547    .ARM.extab.text._ZN4ListI10DisplayDEVE3AddEPS0_  ui_core_dev.o
    0x08013294   0x08013294   0x00000050   Data   RO          490    .ARM.extab.text._ZN4ListI3RECE3AddEPS0_  ui_view.o
    0x080132e4   0x080132e4   0x00000020   Data   RO          481    .ARM.extab.text._ZN4ListI3RECED2Ev  ui_view.o
    0x08013304   0x08013304   0x00000050   Data   RO          463    .ARM.extab.text._ZN4ListI4DRECE3AddEPS0_  ui_view.o
    0x08013354   0x08013354   0x00000020   Data   RO          466    .ARM.extab.text._ZN4ListI4DRECED2Ev  ui_view.o
    0x08013374   0x08013374   0x00000050   Data   RO          499    .ARM.extab.text._ZN4ListI4ViewE3AddEPS0_  ui_view.o
    0x080133c4   0x080133c4   0x00000020   Data   RO          151    .ARM.extab.text._ZN4ListI4ViewED2Ev  display.o
    0x080133e4   0x080133e4   0x00000050   Data   RO           95    .ARM.extab.text._ZN4OLEDC2Ev  display.o
    0x08013434   0x08013434   0x00000020   Data   RO          120    .ARM.extab.text._ZN4OLEDD2Ev  display.o
    0x08013454   0x08013454   0x00000034   Data   RO          445    .ARM.extab.text._ZN4View18EliminationOverlapEP4ListI4DRECE  ui_view.o
    0x08013488   0x08013488   0x000000d8   Data   RO          442    .ARM.extab.text._ZN4View7GetDRECEP4ListI4DRECE  ui_view.o
    0x08013560   0x08013560   0x00000068   Data   RO            5    .ARM.extab.text._ZN7Conrtol9Task_MotoEv  conrtol.o
    0x080135c8   0x080135c8   0x00000094   Data   RO           74    .ARM.extab.text._ZN7DisplayC2Ev  display.o
    0x0801365c   0x0801365c   0x00000034   Data   RO          282    .ARM.extab.text._ZN7mpu6050C2Ev  mpu6050.o
    0x08013690   0x08013690   0x00000048   Data   RO         1981    .ARM.extab.text._ZSt11__terminatePFvvE  libcppabi_wx.l(cxa_handlers.cpp.o)
    0x080136d8   0x080136d8   0x00000020   Data   RO         1984    .ARM.extab.text._ZSt9terminatev  libcppabi_wx.l(cxa_handlers.cpp.o)
    0x080136f8   0x080136f8   0x00000020   Data   RO           51    .ARM.extab.text._ZdlPv  main.o
    0x08013718   0x08013718   0x0000003c   Data   RO         1876    .ARM.extab.text._ZnajRKSt9nothrow_t  libcpp_wx.l(new.cpp.o)
    0x08013754   0x08013754   0x00000030   Data   RO         1916    .ARM.extab.text.__cxa_allocate_exception  libcppabi_wx.l(cxa_exception.cpp.o)
    0x08013784   0x08013784   0x00000030   Data   RO         1939    .ARM.extab.text.__cxa_begin_catch  libcppabi_wx.l(cxa_exception.cpp.o)
    0x080137b4   0x080137b4   0x00000030   Data   RO         1934    .ARM.extab.text.__cxa_begin_cleanup  libcppabi_wx.l(cxa_exception.cpp.o)
    0x080137e4   0x080137e4   0x000000a4   Data   RO         2001    .ARM.extab.text.__cxa_call_unexpected  libcppabi_wx.l(cxa_personality.cpp.o)
    0x08013888   0x08013888   0x0000003c   Data   RO         1944    .ARM.extab.text.__cxa_decrement_exception_refcount  libcppabi_wx.l(cxa_exception.cpp.o)
    0x080138c4   0x080138c4   0x00000078   Data   RO           46    .ARM.extab.text.main  main.o
    0x0801393c   0x0801393c   0x00000020   Data   RO         2368    .constdata          m_ws.l(rredf.o)
    0x0801395c   0x0801395c   0x00000004   Data   RO         1021    .rodata.ADCPrescTable  stm32f10x_rcc.o
    0x08013960   0x08013960   0x00000010   Data   RO         1367    .rodata.AHBPrescTable  system_stm32f10x.o
    0x08013970   0x08013970   0x00000010   Data   RO         1020    .rodata.APBAHBPrescTable  stm32f10x_rcc.o
    0x08013980   0x08013980   0x0000001c   Data   RO          226    .rodata._ZL10StartUPcmd  096oled.o
    0x0801399c   0x0801399c   0x00000228   Data   RO          225    .rodata._ZL4F6x8    096oled.o
    0x08013bc4   0x08013bc4   0x00000008   Data   RO         2588    .rodata._ZTIDn      libcppabi_wx.l(private_typeinfo.cpp.o)
    0x08013bcc   0x08013bcc   0x0000000c   Data   RO         2564    .rodata._ZTIN10__cxxabiv116__shim_type_infoE  libcppabi_wx.l(private_typeinfo.cpp.o)
    0x08013bd8   0x08013bd8   0x0000000c   Data   RO         2566    .rodata._ZTIN10__cxxabiv117__class_type_infoE  libcppabi_wx.l(private_typeinfo.cpp.o)
    0x08013be4   0x08013be4   0x0000000c   Data   RO         2568    .rodata._ZTIN10__cxxabiv117__pbase_type_infoE  libcppabi_wx.l(private_typeinfo.cpp.o)
    0x08013bf0   0x08013bf0   0x0000000c   Data   RO         2570    .rodata._ZTIN10__cxxabiv119__pointer_type_infoE  libcppabi_wx.l(private_typeinfo.cpp.o)
    0x08013bfc   0x08013bfc   0x0000000c   Data   RO         2572    .rodata._ZTIN10__cxxabiv120__function_type_infoE  libcppabi_wx.l(private_typeinfo.cpp.o)
    0x08013c08   0x08013c08   0x0000000c   Data   RO         2735    .rodata._ZTIN10__cxxabiv120__si_class_type_infoE  libcppabi_wx.l(private_typeinfo.cpp.o)
    0x08013c14   0x08013c14   0x0000000c   Data   RO         2580    .rodata._ZTIN10__cxxabiv123__fundamental_type_infoE  libcppabi_wx.l(private_typeinfo.cpp.o)
    0x08013c20   0x08013c20   0x0000000c   Data   RO         2574    .rodata._ZTIN10__cxxabiv129__pointer_to_member_type_infoE  libcppabi_wx.l(private_typeinfo.cpp.o)
    0x08013c2c   0x08013c2c   0x0000000c   Data   RO         2270    .rodata._ZTISt13bad_exception  libcppabi_wx.l(stdlib_exception.cpp.o)
    0x08013c38   0x08013c38   0x0000000c   Data   RO         2274    .rodata._ZTISt16bad_array_length  libcppabi_wx.l(stdlib_exception.cpp.o)
    0x08013c44   0x08013c44   0x0000000c   Data   RO         2276    .rodata._ZTISt20bad_array_new_length  libcppabi_wx.l(stdlib_exception.cpp.o)
    0x08013c50   0x08013c50   0x0000000c   Data   RO         2273    .rodata._ZTISt9bad_alloc  libcppabi_wx.l(stdlib_exception.cpp.o)
    0x08013c5c   0x08013c5c   0x00000008   Data   RO         2267    .rodata._ZTISt9exception  libcppabi_wx.l(stdlib_exception.cpp.o)
    0x08013c64   0x08013c64   0x00000008   Data   RO         2815    .rodata._ZTISt9type_info  libcppabi_wx.l(stdlib_typeinfo.cpp.o)
    0x08013c6c   0x08013c6c   0x00000008   Data   RO         2582    .rodata._ZTIv       libcppabi_wx.l(private_typeinfo.cpp.o)
    0x08013c74   0x08013c74   0x00000003   Data   RO         2587    .rodata._ZTSDn      libcppabi_wx.l(private_typeinfo.cpp.o)
    0x08013c77   0x08013c77   0x00000009   PAD
    0x08013c80   0x08013c80   0x00000021   Data   RO         2563    .rodata._ZTSN10__cxxabiv116__shim_type_infoE  libcppabi_wx.l(private_typeinfo.cpp.o)
    0x08013ca1   0x08013ca1   0x0000000f   PAD
    0x08013cb0   0x08013cb0   0x00000022   Data   RO         2565    .rodata._ZTSN10__cxxabiv117__class_type_infoE  libcppabi_wx.l(private_typeinfo.cpp.o)
    0x08013cd2   0x08013cd2   0x0000000e   PAD
    0x08013ce0   0x08013ce0   0x00000022   Data   RO         2567    .rodata._ZTSN10__cxxabiv117__pbase_type_infoE  libcppabi_wx.l(private_typeinfo.cpp.o)
    0x08013d02   0x08013d02   0x0000000e   PAD
    0x08013d10   0x08013d10   0x00000024   Data   RO         2569    .rodata._ZTSN10__cxxabiv119__pointer_type_infoE  libcppabi_wx.l(private_typeinfo.cpp.o)
    0x08013d34   0x08013d34   0x0000000c   PAD
    0x08013d40   0x08013d40   0x00000025   Data   RO         2571    .rodata._ZTSN10__cxxabiv120__function_type_infoE  libcppabi_wx.l(private_typeinfo.cpp.o)
    0x08013d65   0x08013d65   0x0000000b   PAD
    0x08013d70   0x08013d70   0x00000025   Data   RO         2734    .rodata._ZTSN10__cxxabiv120__si_class_type_infoE  libcppabi_wx.l(private_typeinfo.cpp.o)
    0x08013d95   0x08013d95   0x0000000b   PAD
    0x08013da0   0x08013da0   0x00000028   Data   RO         2579    .rodata._ZTSN10__cxxabiv123__fundamental_type_infoE  libcppabi_wx.l(private_typeinfo.cpp.o)
    0x08013dc8   0x08013dc8   0x00000008   PAD
    0x08013dd0   0x08013dd0   0x0000002e   Data   RO         2573    .rodata._ZTSN10__cxxabiv129__pointer_to_member_type_infoE  libcppabi_wx.l(private_typeinfo.cpp.o)
    0x08013dfe   0x08013dfe   0x00000002   PAD
    0x08013e00   0x08013e00   0x00000012   Data   RO         2269    .rodata._ZTSSt13bad_exception  libcppabi_wx.l(stdlib_exception.cpp.o)
    0x08013e12   0x08013e12   0x0000000e   PAD
    0x08013e20   0x08013e20   0x00000015   Data   RO         2271    .rodata._ZTSSt16bad_array_length  libcppabi_wx.l(stdlib_exception.cpp.o)
    0x08013e35   0x08013e35   0x0000000b   PAD
    0x08013e40   0x08013e40   0x00000019   Data   RO         2275    .rodata._ZTSSt20bad_array_new_length  libcppabi_wx.l(stdlib_exception.cpp.o)
    0x08013e59   0x08013e59   0x0000000d   Data   RO         2272    .rodata._ZTSSt9bad_alloc  libcppabi_wx.l(stdlib_exception.cpp.o)
    0x08013e66   0x08013e66   0x0000000d   Data   RO         2266    .rodata._ZTSSt9exception  libcppabi_wx.l(stdlib_exception.cpp.o)
    0x08013e73   0x08013e73   0x0000000d   Data   RO         2814    .rodata._ZTSSt9type_info  libcppabi_wx.l(stdlib_typeinfo.cpp.o)
    0x08013e80   0x08013e80   0x00000002   Data   RO         2581    .rodata._ZTSv       libcppabi_wx.l(private_typeinfo.cpp.o)
    0x08013e82   0x08013e82   0x00000002   PAD
    0x08013e84   0x08013e84   0x0000001c   Data   RO          161    .rodata._ZTV10DisplayDEV  display.o
    0x08013ea0   0x08013ea0   0x00000010   Data   RO          159    .rodata._ZTV3REC    display.o
    0x08013eb0   0x08013eb0   0x00000010   Data   RO          521    .rodata._ZTV4DREC   ui_view.o
    0x08013ec0   0x08013ec0   0x0000001c   Data   RO          160    .rodata._ZTV4OLED   display.o
    0x08013edc   0x08013edc   0x0000001c   Data   RO          163    .rodata._ZTV4View   display.o
    0x08013ef8   0x08013ef8   0x0000001c   Data   RO          162    .rodata._ZTV7RecView  display.o
    0x08013f14   0x08013f14   0x00000028   Data   RO         2732    .rodata._ZTVN10__cxxabiv117__class_type_infoE  libcppabi_wx.l(private_typeinfo.cpp.o)
    0x08013f3c   0x08013f3c   0x00000028   Data   RO         2733    .rodata._ZTVN10__cxxabiv120__si_class_type_infoE  libcppabi_wx.l(private_typeinfo.cpp.o)
    0x08013f64   0x08013f64   0x0000001c   Data   RO         2578    .rodata._ZTVN10__cxxabiv123__fundamental_type_infoE  libcppabi_wx.l(private_typeinfo.cpp.o)
    0x08013f80   0x08013f80   0x00000048   Data   RO         2349    .rodata._ZTVN9libunwind12UnwindCursorINS_17LocalAddressSpaceENS_13Registers_armEEE  libunwind_wx.l(libunwind.cpp.o)
    0x08013fc8   0x08013fc8   0x00000014   Data   RO         2268    .rodata._ZTVSt13bad_exception  libcppabi_wx.l(stdlib_exception.cpp.o)
    0x08013fdc   0x08013fdc   0x00000014   Data   RO         2264    .rodata._ZTVSt16bad_array_length  libcppabi_wx.l(stdlib_exception.cpp.o)
    0x08013ff0   0x08013ff0   0x00000014   Data   RO         2263    .rodata._ZTVSt20bad_array_new_length  libcppabi_wx.l(stdlib_exception.cpp.o)
    0x08014004   0x08014004   0x00000014   Data   RO         2262    .rodata._ZTVSt9bad_alloc  libcppabi_wx.l(stdlib_exception.cpp.o)
    0x08014018   0x08014018   0x00000008   Data   RO         2575    .rodata._ZZNK10__cxxabiv129__pointer_to_member_type_info9can_catchEPKNS_16__shim_type_infoERPvE12null_ptr_rep  libcppabi_wx.l(private_typeinfo.cpp.o)
    0x08014020   0x08014020   0x00000004   Data   RO         2576    .rodata._ZZNK10__cxxabiv129__pointer_to_member_type_info9can_catchEPKNS_16__shim_type_infoERPvE12null_ptr_rep_0  libcppabi_wx.l(private_typeinfo.cpp.o)
    0x08014024   0x08014024   0x00000010   Data   RO           26    .rodata.cst8        conrtol.o
    0x08014034   0x08014034   0x00000009   Data   RO           25    .rodata.str1.1      conrtol.o
    0x0801403d   0x0801403d   0x00000005   Data   RO         1720    .rodata.str1.1      tasks.o
    0x08014042   0x08014042   0x00000008   Data   RO         1789    .rodata.str1.1      timers.o
    0x0801404a   0x0801404a   0x00000003   Data   RO         2306    .rodata.str1.1      libunwind_wx.l(libunwind.cpp.o)
    0x0801404d   0x0801404d   0x00000003   PAD
    0x08014050   0x08014050   0x00000020   Data   RO         2886    Region$$Table       anon$$obj.o
    0x08014070   0x08014070   0x00000008   Data   RO         2388    .ARM.exidx          c_w.l(__rtentry4.o)
    0x08014078   0x08014070   0x00000008   Data   RO          371    .ARM.exidx.text.SPI2_IRQHandler  pcm5102.o
    0x08014080   0x08014070   0x00000008   Data   RO         1103    .ARM.exidx.text.SPI_I2S_DeInit  stm32f10x_spi.o
    0x08014088   0x08014070   0x00000008   Data   RO           20    .ARM.exidx.text.TASK_BB  conrtol.o
    0x08014090   0x08014070   0x00000008   Data   RO         1241    .ARM.exidx.text.TIM_ARRPreloadConfig  stm32f10x_tim.o
    0x08014098   0x08014070   0x00000008   Data   RO         2036    .ARM.exidx.text._Unwind_Complete  libunwind_wx.l(Unwind-EHABI.cpp.o)
    0x080140a0   0x08014070   0x00000008   Data   RO         2041    .ARM.exidx.text._Unwind_GetLanguageSpecificData  libunwind_wx.l(Unwind-EHABI.cpp.o)
    0x080140a8   0x08014070   0x00000008   Data   RO         2032    .ARM.exidx.text._Unwind_RaiseException  libunwind_wx.l(Unwind-EHABI.cpp.o)
    0x080140b0   0x08014070   0x00000008   Data   RO         2039    .ARM.exidx.text._Unwind_Resume  libunwind_wx.l(Unwind-EHABI.cpp.o)
    0x080140b8   0x08014070   0x00000008   Data   RO         2018    .ARM.exidx.text._Unwind_VRS_Get  libunwind_wx.l(Unwind-EHABI.cpp.o)
    0x080140c0   0x08014070   0x00000008   Data   RO         2016    .ARM.exidx.text._Unwind_VRS_Interpret  libunwind_wx.l(Unwind-EHABI.cpp.o)
    0x080140c8   0x08014070   0x00000008   Data   RO         2022    .ARM.exidx.text._Unwind_VRS_Pop  libunwind_wx.l(Unwind-EHABI.cpp.o)
    0x080140d0   0x08014070   0x00000008   Data   RO         2020    .ARM.exidx.text._Unwind_VRS_Set  libunwind_wx.l(Unwind-EHABI.cpp.o)
    0x080140d8   0x08014070   0x00000008   Data   RO          394    .ARM.exidx.text._Z7InvSqrtf  ahrs.o
    0x080140e0   0x08014070   0x00000008   Data   RO         2034    .ARM.exidx.text._ZL13unwind_phase2P13unw_context_tP12unw_cursor_tP21_Unwind_Control_Blockb  libunwind_wx.l(Unwind-EHABI.cpp.o)
    0x080140e8   0x08014070   0x00000008   Data   RO          108    .ARM.exidx.text._ZN10DisplayDEVC2Ev  display.o
    0x080140f0   0x08014070   0x00000008   Data   RO         2484    .ARM.exidx.text._ZN10__cxxabiv116__shim_type_infoD2Ev  libcppabi_wx.l(private_typeinfo.cpp.o)
    0x080140f8   0x08014070   0x00000008   Data   RO         2500    .ARM.exidx.text._ZN10__cxxabiv117__class_type_infoD0Ev  libcppabi_wx.l(private_typeinfo.cpp.o)
    0x08014100   0x08014070   0x00000008   Data   RO         2230    .ARM.exidx.text._ZN10__cxxabiv120__free_with_fallbackEPv  libcppabi_wx.l(fallback_malloc.cpp.o)
    0x08014108   0x08014070   0x00000008   Data   RO         2502    .ARM.exidx.text._ZN10__cxxabiv120__si_class_type_infoD0Ev  libcppabi_wx.l(private_typeinfo.cpp.o)
    0x08014110   0x08014070   0x00000008   Data   RO         2224    .ARM.exidx.text._ZN10__cxxabiv122__calloc_with_fallbackEjj  libcppabi_wx.l(fallback_malloc.cpp.o)
    0x08014118   0x08014070   0x00000008   Data   RO         2492    .ARM.exidx.text._ZN10__cxxabiv123__fundamental_type_infoD0Ev  libcppabi_wx.l(private_typeinfo.cpp.o)
    0x08014120   0x08014070   0x00000008   Data   RO         2226    .ARM.exidx.text._ZN10__cxxabiv128__aligned_free_with_fallbackEPv  libcppabi_wx.l(fallback_malloc.cpp.o)
    0x08014128   0x08014070   0x00000008   Data   RO         2220    .ARM.exidx.text._ZN10__cxxabiv130__aligned_malloc_with_fallbackEj  libcppabi_wx.l(fallback_malloc.cpp.o)
    0x08014130   0x08014070   0x00000008   Data   RO         1995    .ARM.exidx.text._ZN10__cxxabiv1L11scan_eh_tabERNS_12_GLOBAL__N_112scan_resultsE14_Unwind_ActionbP21_Unwind_Control_BlockP15_Unwind_Context  libcppabi_wx.l(cxa_personality.cpp.o)
    0x08014138   0x08014070   0x00000008   Data   RO         1930    .ARM.exidx.text._ZN10__cxxabiv1L12failed_throwEPNS_15__cxa_exceptionE  libcppabi_wx.l(cxa_exception.cpp.o)
    0x08014140   0x08014070   0x00000008   Data   RO         1999    .ARM.exidx.text._ZN10__cxxabiv1L13set_registersEP21_Unwind_Control_BlockP15_Unwind_ContextRKNS_12_GLOBAL__N_112scan_resultsE  libcppabi_wx.l(cxa_personality.cpp.o)
    0x08014148   0x08014070   0x00000008   Data   RO         1997    .ARM.exidx.text._ZN10__cxxabiv1L14call_terminateEbP21_Unwind_Control_Block  libcppabi_wx.l(cxa_personality.cpp.o)
    0x08014150   0x08014070   0x00000008   Data   RO         2004    .ARM.exidx.text._ZN10__cxxabiv1L18readEncodedPointerEPPKhh  libcppabi_wx.l(cxa_personality.cpp.o)
    0x08014158   0x08014070   0x00000008   Data   RO         1928    .ARM.exidx.text._ZN10__cxxabiv1L22exception_cleanup_funcE19_Unwind_Reason_CodeP21_Unwind_Control_Block  libcppabi_wx.l(cxa_exception.cpp.o)
    0x08014160   0x08014070   0x00000008   Data   RO         2006    .ARM.exidx.text._ZN10__cxxabiv1L24exception_spec_can_catchExPKhhPKNS_16__shim_type_infoEPvP21_Unwind_Control_Block  libcppabi_wx.l(cxa_personality.cpp.o)
    0x08014168   0x08014070   0x00000008   Data   RO         1958    .ARM.exidx.text._ZN10__cxxabiv1L27dependent_exception_cleanupE19_Unwind_Reason_CodeP21_Unwind_Control_Block  libcppabi_wx.l(cxa_exception.cpp.o)
    0x08014170   0x08014070   0x00000008   Data   RO         2228    .ARM.exidx.text._ZN12_GLOBAL__N_113fallback_freeEPv  libcppabi_wx.l(fallback_malloc.cpp.o)
    0x08014178   0x08014070   0x00000008   Data   RO         2026    .ARM.exidx.text._ZN12_GLOBAL__N_114unwindOneFrameEjP21_Unwind_Control_BlockP15_Unwind_Context  libunwind_wx.l(Unwind-EHABI.cpp.o)
    0x08014180   0x08014070   0x00000008   Data   RO         2222    .ARM.exidx.text._ZN12_GLOBAL__N_115fallback_mallocEj  libcppabi_wx.l(fallback_malloc.cpp.o)
    0x08014188   0x08014070   0x00000008   Data   RO          426    .ARM.exidx.text._ZN3PID10PID_UpDataEf  pid.o
    0x08014190   0x08014070   0x00000008   Data   RO          477    .ARM.exidx.text._ZN3REC8SubtractEPS_S0_  ui_view.o
    0x08014198   0x08014070   0x00000008   Data   RO          473    .ARM.exidx.text._ZN3REC9IsContainEPS_S0_  ui_view.o
    0x080141a0   0x08014070   0x00000008   Data   RO          548    .ARM.exidx.text._ZN4ListI10DisplayDEVE3AddEPS0_  ui_core_dev.o
    0x080141a8   0x08014070   0x00000008   Data   RO          564    .ARM.exidx.text._ZN4ListI10DisplayDEVE7GetbyidEj  ui_core_task_eraw.o
    0x080141b0   0x08014070   0x00000008   Data   RO          491    .ARM.exidx.text._ZN4ListI3RECE3AddEPS0_  ui_view.o
    0x080141b8   0x08014070   0x00000008   Data   RO          493    .ARM.exidx.text._ZN4ListI3RECE3AddEPS1_  ui_view.o
    0x080141c0   0x08014070   0x00000008   Data   RO          482    .ARM.exidx.text._ZN4ListI3RECED2Ev  ui_view.o
    0x080141c8   0x08014070   0x00000008   Data   RO          475    .ARM.exidx.text._ZN4ListI4DRECE10DeletebyidEjb  ui_view.o
    0x080141d0   0x08014070   0x00000008   Data   RO          464    .ARM.exidx.text._ZN4ListI4DRECE3AddEPS0_  ui_view.o
    0x080141d8   0x08014070   0x00000008   Data   RO          497    .ARM.exidx.text._ZN4ListI4DRECE3AddEPS1_  ui_view.o
    0x080141e0   0x08014070   0x00000008   Data   RO          467    .ARM.exidx.text._ZN4ListI4DRECED2Ev  ui_view.o
    0x080141e8   0x08014070   0x00000008   Data   RO          500    .ARM.exidx.text._ZN4ListI4ViewE3AddEPS0_  ui_view.o
    0x080141f0   0x08014070   0x00000008   Data   RO          154    .ARM.exidx.text._ZN4ListI4ViewE5ClearEv  display.o
    0x080141f8   0x08014070   0x00000008   Data   RO          152    .ARM.exidx.text._ZN4ListI4ViewED2Ev  display.o
    0x08014200   0x08014070   0x00000008   Data   RO          158    .ARM.exidx.text._ZN4OLED13FillrectangleEiiiij  display.o
    0x08014208   0x08014070   0x00000008   Data   RO          116    .ARM.exidx.text._ZN4OLED4OpenEv  display.o
    0x08014210   0x08014070   0x00000008   Data   RO          118    .ARM.exidx.text._ZN4OLED5CloseEv  display.o
    0x08014218   0x08014070   0x00000008   Data   RO          114    .ARM.exidx.text._ZN4OLED5PointEiij  display.o
    0x08014220   0x08014070   0x00000008   Data   RO           96    .ARM.exidx.text._ZN4OLEDC2Ev  display.o
    0x08014228   0x08014070   0x00000008   Data   RO          123    .ARM.exidx.text._ZN4OLEDD0Ev  display.o
    0x08014230   0x08014070   0x00000008   Data   RO          121    .ARM.exidx.text._ZN4OLEDD2Ev  display.o
    0x08014238   0x08014070   0x00000008   Data   RO          450    .ARM.exidx.text._ZN4View12AddChildViewEPS_  ui_view.o
    0x08014240   0x08014070   0x00000008   Data   RO          446    .ARM.exidx.text._ZN4View18EliminationOverlapEP4ListI4DRECE  ui_view.o
    0x08014248   0x08014070   0x00000008   Data   RO          443    .ARM.exidx.text._ZN4View7GetDRECEP4ListI4DRECE  ui_view.o
    0x08014250   0x08014070   0x00000008   Data   RO          135    .ARM.exidx.text._ZN4ViewC2Ev  display.o
    0x08014258   0x08014070   0x00000008   Data   RO          149    .ARM.exidx.text._ZN4ViewD0Ev  display.o
    0x08014260   0x08014070   0x00000008   Data   RO          534    .ARM.exidx.text._ZN6UICORE10Add_DeviceEP10DisplayDEV  ui_core_dev.o
    0x08014268   0x08014070   0x00000008   Data   RO          553    .ARM.exidx.text._ZN6UICORE9Task_DrawEv  ui_core_task_eraw.o
    0x08014270   0x08014070   0x00000008   Data   RO           98    .ARM.exidx.text._ZN6UICOREC2Ev  display.o
    0x08014278   0x08014070   0x00000008   Data   RO           14    .ARM.exidx.text._ZN7Conrtol10Task_CountEv  conrtol.o
    0x08014280   0x08014070   0x00000008   Data   RO           10    .ARM.exidx.text._ZN7Conrtol16Task_GetAttitudeEv  conrtol.o
    0x08014288   0x08014070   0x00000008   Data   RO           22    .ARM.exidx.text._ZN7Conrtol7Task_BBEv  conrtol.o
    0x08014290   0x08014070   0x00000008   Data   RO            6    .ARM.exidx.text._ZN7Conrtol9Task_MotoEv  conrtol.o
    0x08014298   0x08014070   0x00000008   Data   RO           24    .ARM.exidx.text._ZN7ConrtolC2Ev  conrtol.o
    0x080142a0   0x08014070   0x00000008   Data   RO           75    .ARM.exidx.text._ZN7DisplayC2Ev  display.o
    0x080142a8   0x08014070   0x00000008   Data   RO          248    .ARM.exidx.text._ZN7I2CPORT10Signal_AckEv  i2c.o
    0x080142b0   0x08014070   0x00000008   Data   RO          252    .ARM.exidx.text._ZN7I2CPORT12Signal_CheckEv  i2c.o
    0x080142b8   0x08014070   0x00000008   Data   RO          268    .ARM.exidx.text._ZN7I2CPORT16Device_ReadN8bitEhhhhPh  i2c.o
    0x080142c0   0x08014070   0x00000008   Data   RO          256    .ARM.exidx.text._ZN7I2CPORT16Signal_Write8bitEh  i2c.o
    0x080142c8   0x08014070   0x00000008   Data   RO          260    .ARM.exidx.text._ZN7I2CPORT17Device_WriteN8bitEhhh  i2c.o
    0x080142d0   0x08014070   0x00000008   Data   RO          262    .ARM.exidx.text._ZN7I2CPORT17Device_WriteN8bitEhhhPh  i2c.o
    0x080142d8   0x08014070   0x00000008   Data   RO          266    .ARM.exidx.text._ZN7I2CPORT17Device_WriteN8bitEhhhhPh  i2c.o
    0x080142e0   0x08014070   0x00000008   Data   RO          246    .ARM.exidx.text._ZN7I2CPORT19Signal_GenerateSTOPEv  i2c.o
    0x080142e8   0x08014070   0x00000008   Data   RO          254    .ARM.exidx.text._ZN7I2CPORT22Signal_Send7bitAddressEhh  i2c.o
    0x080142f0   0x08014070   0x00000008   Data   RO          238    .ARM.exidx.text._ZN7I2CPORT4InitEv  i2c.o
    0x080142f8   0x08014070   0x00000008   Data   RO          279    .ARM.exidx.text._ZN7I2CPORT4WaitEv  i2c.o
    0x08014300   0x08014070   0x00000008   Data   RO          110    .ARM.exidx.text._ZN7I2CPORTC2EttP12GPIO_TypeDef  display.o
    0x08014308   0x08014070   0x00000008   Data   RO          212    .ARM.exidx.text._ZN7OLED09611OLED_SetPosEhh  096oled.o
    0x08014310   0x08014070   0x00000008   Data   RO          222    .ARM.exidx.text._ZN7OLED09612OLED_ShowStrEhhPKc  096oled.o
    0x08014318   0x08014070   0x00000008   Data   RO          214    .ARM.exidx.text._ZN7OLED09613OLED_Set8ByteEh  096oled.o
    0x08014320   0x08014070   0x00000008   Data   RO          208    .ARM.exidx.text._ZN7OLED0967OLED_ONEv  096oled.o
    0x08014328   0x08014070   0x00000008   Data   RO          220    .ARM.exidx.text._ZN7OLED0968OLED_CLSEv  096oled.o
    0x08014330   0x08014070   0x00000008   Data   RO          210    .ARM.exidx.text._ZN7OLED0968OLED_OFFEv  096oled.o
    0x08014338   0x08014070   0x00000008   Data   RO          206    .ARM.exidx.text._ZN7OLED0968delay_msEt  096oled.o
    0x08014340   0x08014070   0x00000008   Data   RO          218    .ARM.exidx.text._ZN7OLED0969OLED_FillEh  096oled.o
    0x08014348   0x08014070   0x00000008   Data   RO          224    .ARM.exidx.text._ZN7OLED0969OLED_InitEv  096oled.o
    0x08014350   0x08014070   0x00000008   Data   RO          361    .ARM.exidx.text._ZN7PCM510212Buffer_1_SetEPvtt  pcm5102.o
    0x08014358   0x08014070   0x00000008   Data   RO          365    .ARM.exidx.text._ZN7PCM51024PlayEv  pcm5102.o
    0x08014360   0x08014070   0x00000008   Data   RO          357    .ARM.exidx.text._ZN7PCM5102C2Ev  pcm5102.o
    0x08014368   0x08014070   0x00000008   Data   RO          313    .ARM.exidx.text._ZN7PWMPORT2ONEv  pwm.o
    0x08014370   0x08014070   0x00000008   Data   RO          311    .ARM.exidx.text._ZN7PWMPORT4InitEv  pwm.o
    0x08014378   0x08014070   0x00000008   Data   RO          317    .ARM.exidx.text._ZN7PWMPORT9SetPort_0Ef  pwm.o
    0x08014380   0x08014070   0x00000008   Data   RO           41    .ARM.exidx.text._ZN7PWMPORTD2Ev  conrtol.o
    0x08014388   0x08014070   0x00000008   Data   RO          145    .ARM.exidx.text._ZN7RecView4DrawEP3REC  display.o
    0x08014390   0x08014070   0x00000008   Data   RO          143    .ARM.exidx.text._ZN7RecView6OnDrawEv  display.o
    0x08014398   0x08014070   0x00000008   Data   RO          100    .ARM.exidx.text._ZN7RecViewC2Ej  display.o
    0x080143a0   0x08014070   0x00000008   Data   RO          139    .ARM.exidx.text._ZN7RecViewD0Ev  display.o
    0x080143a8   0x08014070   0x00000008   Data   RO          297    .ARM.exidx.text._ZN7mpu605014Get_ACCEL_GYROEP5ACCELP4GYRO  mpu6050.o
    0x080143b0   0x08014070   0x00000008   Data   RO          295    .ARM.exidx.text._ZN7mpu605014Get_ACCEL_GYROEPf  mpu6050.o
    0x080143b8   0x08014070   0x00000008   Data   RO          299    .ARM.exidx.text._ZN7mpu605016MPU_6050_FixZeroEv  mpu6050.o
    0x080143c0   0x08014070   0x00000008   Data   RO          287    .ARM.exidx.text._ZN7mpu605021MPU6050_I2C_ByteWriteEhhh  mpu6050.o
    0x080143c8   0x08014070   0x00000008   Data   RO          285    .ARM.exidx.text._ZN7mpu605022MPU6050_I2C_BufferReadEhPhhh  mpu6050.o
    0x080143d0   0x08014070   0x00000008   Data   RO          293    .ARM.exidx.text._ZN7mpu60508Get_GYROEPf  mpu6050.o
    0x080143d8   0x08014070   0x00000008   Data   RO          289    .ARM.exidx.text._ZN7mpu60508Get_TEMPEPf  mpu6050.o
    0x080143e0   0x08014070   0x00000008   Data   RO          291    .ARM.exidx.text._ZN7mpu60509Get_ACCELEPf  mpu6050.o
    0x080143e8   0x08014070   0x00000008   Data   RO          283    .ARM.exidx.text._ZN7mpu6050C2Ev  mpu6050.o
    0x080143f0   0x08014070   0x00000008   Data   RO           91    .ARM.exidx.text._ZN8ListTestI3RECEC2Ev  display.o
    0x080143f8   0x08014070   0x00000008   Data   RO         2338    .ARM.exidx.text._ZN9libunwind12UnwindCursorINS_17LocalAddressSpaceENS_13Registers_armEE10saveVFPAsXEv  libunwind_wx.l(libunwind.cpp.o)
    0x08014400   0x08014070   0x00000008   Data   RO         2320    .ARM.exidx.text._ZN9libunwind12UnwindCursorINS_17LocalAddressSpaceENS_13Registers_armEE11getFloatRegEi  libunwind_wx.l(libunwind.cpp.o)
    0x08014408   0x08014070   0x00000008   Data   RO         2322    .ARM.exidx.text._ZN9libunwind12UnwindCursorINS_17LocalAddressSpaceENS_13Registers_armEE11setFloatRegEiy  libunwind_wx.l(libunwind.cpp.o)
    0x08014410   0x08014070   0x00000008   Data   RO         2330    .ARM.exidx.text._ZN9libunwind12UnwindCursorINS_17LocalAddressSpaceENS_13Registers_armEE13isSignalFrameEv  libunwind_wx.l(libunwind.cpp.o)
    0x08014418   0x08014070   0x00000008   Data   RO         2340    .ARM.exidx.text._ZN9libunwind12UnwindCursorINS_17LocalAddressSpaceENS_13Registers_armEE13stepWithEHABIEv  libunwind_wx.l(libunwind.cpp.o)
    0x08014420   0x08014070   0x00000008   Data   RO         2318    .ARM.exidx.text._ZN9libunwind12UnwindCursorINS_17LocalAddressSpaceENS_13Registers_armEE13validFloatRegEi  libunwind_wx.l(libunwind.cpp.o)
    0x08014428   0x08014070   0x00000008   Data   RO         2332    .ARM.exidx.text._ZN9libunwind12UnwindCursorINS_17LocalAddressSpaceENS_13Registers_armEE15getFunctionNameEPcjPj  libunwind_wx.l(libunwind.cpp.o)
    0x08014430   0x08014070   0x00000008   Data   RO         2336    .ARM.exidx.text._ZN9libunwind12UnwindCursorINS_17LocalAddressSpaceENS_13Registers_armEE15getRegisterNameEi  libunwind_wx.l(libunwind.cpp.o)
    0x08014438   0x08014070   0x00000008   Data   RO         2344    .ARM.exidx.text._ZN9libunwind12UnwindCursorINS_17LocalAddressSpaceENS_13Registers_armEE23getInfoFromEHABISectionEjRKNS_18UnwindInfoSectionsE  libunwind_wx.l(libunwind.cpp.o)
    0x08014440   0x08014070   0x00000008   Data   RO         2334    .ARM.exidx.text._ZN9libunwind12UnwindCursorINS_17LocalAddressSpaceENS_13Registers_armEE24setInfoBasedOnIPRegisterEb  libunwind_wx.l(libunwind.cpp.o)
    0x08014448   0x08014070   0x00000008   Data   RO         2324    .ARM.exidx.text._ZN9libunwind12UnwindCursorINS_17LocalAddressSpaceENS_13Registers_armEE4stepEv  libunwind_wx.l(libunwind.cpp.o)
    0x08014450   0x08014070   0x00000008   Data   RO         2314    .ARM.exidx.text._ZN9libunwind12UnwindCursorINS_17LocalAddressSpaceENS_13Registers_armEE6getRegEi  libunwind_wx.l(libunwind.cpp.o)
    0x08014458   0x08014070   0x00000008   Data   RO         2328    .ARM.exidx.text._ZN9libunwind12UnwindCursorINS_17LocalAddressSpaceENS_13Registers_armEE6jumptoEv  libunwind_wx.l(libunwind.cpp.o)
    0x08014460   0x08014070   0x00000008   Data   RO         2316    .ARM.exidx.text._ZN9libunwind12UnwindCursorINS_17LocalAddressSpaceENS_13Registers_armEE6setRegEij  libunwind_wx.l(libunwind.cpp.o)
    0x08014468   0x08014070   0x00000008   Data   RO         2326    .ARM.exidx.text._ZN9libunwind12UnwindCursorINS_17LocalAddressSpaceENS_13Registers_armEE7getInfoEP15unw_proc_info_t  libunwind_wx.l(libunwind.cpp.o)
    0x08014470   0x08014070   0x00000008   Data   RO         2312    .ARM.exidx.text._ZN9libunwind12UnwindCursorINS_17LocalAddressSpaceENS_13Registers_armEE8validRegEi  libunwind_wx.l(libunwind.cpp.o)
    0x08014478   0x08014070   0x00000008   Data   RO         2342    .ARM.exidx.text._ZN9libunwind13Registers_arm26restoreSavedFloatRegistersEv  libunwind_wx.l(libunwind.cpp.o)
    0x08014480   0x08014070   0x00000008   Data   RO         2308    .ARM.exidx.text._ZN9libunwind20AbstractUnwindCursorD2Ev  libunwind_wx.l(libunwind.cpp.o)
    0x08014488   0x08014070   0x00000008   Data   RO         2562    .ARM.exidx.text._ZNK10__cxxabiv117__class_type_info16search_above_dstEPNS_19__dynamic_cast_infoEPKvS4_ib  libcppabi_wx.l(private_typeinfo.cpp.o)
    0x08014490   0x08014070   0x00000008   Data   RO         2556    .ARM.exidx.text._ZNK10__cxxabiv117__class_type_info16search_below_dstEPNS_19__dynamic_cast_infoEPKvib  libcppabi_wx.l(private_typeinfo.cpp.o)
    0x08014498   0x08014070   0x00000008   Data   RO         2524    .ARM.exidx.text._ZNK10__cxxabiv117__class_type_info27has_unambiguous_public_baseEPNS_19__dynamic_cast_infoEPvi  libcppabi_wx.l(private_typeinfo.cpp.o)
    0x080144a0   0x08014070   0x00000008   Data   RO         2520    .ARM.exidx.text._ZNK10__cxxabiv117__class_type_info9can_catchEPKNS_16__shim_type_infoERPv  libcppabi_wx.l(private_typeinfo.cpp.o)
    0x080144a8   0x08014070   0x00000008   Data   RO         2532    .ARM.exidx.text._ZNK10__cxxabiv117__pbase_type_info9can_catchEPKNS_16__shim_type_infoERPv  libcppabi_wx.l(private_typeinfo.cpp.o)
    0x080144b0   0x08014070   0x00000008   Data   RO         2536    .ARM.exidx.text._ZNK10__cxxabiv119__pointer_type_info16can_catch_nestedEPKNS_16__shim_type_infoE  libcppabi_wx.l(private_typeinfo.cpp.o)
    0x080144b8   0x08014070   0x00000008   Data   RO         2534    .ARM.exidx.text._ZNK10__cxxabiv119__pointer_type_info9can_catchEPKNS_16__shim_type_infoERPv  libcppabi_wx.l(private_typeinfo.cpp.o)
    0x080144c0   0x08014070   0x00000008   Data   RO         2560    .ARM.exidx.text._ZNK10__cxxabiv120__si_class_type_info16search_above_dstEPNS_19__dynamic_cast_infoEPKvS4_ib  libcppabi_wx.l(private_typeinfo.cpp.o)
    0x080144c8   0x08014070   0x00000008   Data   RO         2526    .ARM.exidx.text._ZNK10__cxxabiv120__si_class_type_info27has_unambiguous_public_baseEPNS_19__dynamic_cast_infoEPvi  libcppabi_wx.l(private_typeinfo.cpp.o)
    0x080144d0   0x08014070   0x00000008   Data   RO         2558    .ARM.exidx.text._ZNK10__cxxabiv121__vmi_class_type_info16search_above_dstEPNS_19__dynamic_cast_infoEPKvS4_ib  libcppabi_wx.l(private_typeinfo.cpp.o)
    0x080144d8   0x08014070   0x00000008   Data   RO         2512    .ARM.exidx.text._ZNK10__cxxabiv123__fundamental_type_info9can_catchEPKNS_16__shim_type_infoERPv  libcppabi_wx.l(private_typeinfo.cpp.o)
    0x080144e0   0x08014070   0x00000008   Data   RO         2538    .ARM.exidx.text._ZNK10__cxxabiv129__pointer_to_member_type_info16can_catch_nestedEPKNS_16__shim_type_infoE  libcppabi_wx.l(private_typeinfo.cpp.o)
    0x080144e8   0x08014070   0x00000008   Data   RO         2540    .ARM.exidx.text._ZNK10__cxxabiv129__pointer_to_member_type_info9can_catchEPKNS_16__shim_type_infoERPv  libcppabi_wx.l(private_typeinfo.cpp.o)
    0x080144f0   0x08014070   0x00000008   Data   RO         2243    .ARM.exidx.text._ZNKSt13bad_exception4whatEv  libcppabi_wx.l(stdlib_exception.cpp.o)
    0x080144f8   0x08014070   0x00000008   Data   RO         2346    .ARM.exidx.text._ZNSt3__113__upper_boundIRNS_6__lessIjjEEN9libunwind20EHABISectionIteratorINS4_17LocalAddressSpaceEEEjEET0_S8_S8_RKT1_T_  libunwind_wx.l(libunwind.cpp.o)
    0x08014500   0x08014070   0x00000008   Data   RO         2245    .ARM.exidx.text._ZNSt9bad_allocC2Ev  libcppabi_wx.l(stdlib_exception.cpp.o)
    0x08014508   0x08014070   0x00000008   Data   RO         1977    .ARM.exidx.text._ZSt10unexpectedv  libcppabi_wx.l(cxa_handlers.cpp.o)
    0x08014510   0x08014070   0x00000008   Data   RO         1982    .ARM.exidx.text._ZSt11__terminatePFvvE  libcppabi_wx.l(cxa_handlers.cpp.o)
    0x08014518   0x08014070   0x00000008   Data   RO         1975    .ARM.exidx.text._ZSt12__unexpectedPFvvE  libcppabi_wx.l(cxa_handlers.cpp.o)
    0x08014520   0x08014070   0x00000008   Data   RO         1979    .ARM.exidx.text._ZSt13get_terminatev  libcppabi_wx.l(cxa_handlers.cpp.o)
    0x08014528   0x08014070   0x00000008   Data   RO         1985    .ARM.exidx.text._ZSt9terminatev  libcppabi_wx.l(cxa_handlers.cpp.o)
    0x08014530   0x08014070   0x00000008   Data   RO         1885    .ARM.exidx.text._ZdaPv  libcpp_wx.l(new.cpp.o)
    0x08014538   0x08014070   0x00000008   Data   RO           52    .ARM.exidx.text._ZdlPv  main.o
    0x08014540   0x08014070   0x00000008   Data   RO         1874    .ARM.exidx.text._Znaj  libcpp_wx.l(new.cpp.o)
    0x08014548   0x08014070   0x00000008   Data   RO         1877    .ARM.exidx.text._ZnajRKSt9nothrow_t  libcpp_wx.l(new.cpp.o)
    0x08014550   0x08014070   0x00000008   Data   RO           49    .ARM.exidx.text._Znwj  main.o
    0x08014558   0x08014070   0x00000008   Data   RO         2024    .ARM.exidx.text.__aeabi_unwind_cpp_pr0  libunwind_wx.l(Unwind-EHABI.cpp.o)
    0x08014560   0x08014070   0x00000008   Data   RO           69    .ARM.exidx.text.__clang_call_terminate  main.o
    0x08014568   0x08014070   0x00000008   Data   RO         1922    .ARM.exidx.text.__cxa_allocate_dependent_exception  libcppabi_wx.l(cxa_exception.cpp.o)
    0x08014570   0x08014070   0x00000008   Data   RO         1917    .ARM.exidx.text.__cxa_allocate_exception  libcppabi_wx.l(cxa_exception.cpp.o)
    0x08014578   0x08014070   0x00000008   Data   RO         1940    .ARM.exidx.text.__cxa_begin_catch  libcppabi_wx.l(cxa_exception.cpp.o)
    0x08014580   0x08014070   0x00000008   Data   RO         1935    .ARM.exidx.text.__cxa_begin_cleanup  libcppabi_wx.l(cxa_exception.cpp.o)
    0x08014588   0x08014070   0x00000008   Data   RO         2002    .ARM.exidx.text.__cxa_call_unexpected  libcppabi_wx.l(cxa_personality.cpp.o)
    0x08014590   0x08014070   0x00000008   Data   RO         1945    .ARM.exidx.text.__cxa_decrement_exception_refcount  libcppabi_wx.l(cxa_exception.cpp.o)
    0x08014598   0x08014070   0x00000008   Data   RO         1942    .ARM.exidx.text.__cxa_end_catch  libcppabi_wx.l(cxa_exception.cpp.o)
    0x080145a0   0x08014070   0x00000008   Data   RO         1937    .ARM.exidx.text.__cxa_end_cleanup_impl  libcppabi_wx.l(cxa_exception.cpp.o)
    0x080145a8   0x08014070   0x00000008   Data   RO         2214    .ARM.exidx.text.__cxa_get_globals  libcppabi_wx.l(cxa_exception_storage.cpp.o)
    0x080145b0   0x08014070   0x00000008   Data   RO         2009    .ARM.exidx.text.__cxa_pure_virtual  libcppabi_wx.l(cxa_virtual.cpp.o)
    0x080145b8   0x08014070   0x00000008   Data   RO         1949    .ARM.exidx.text.__cxa_rethrow  libcppabi_wx.l(cxa_exception.cpp.o)
    0x080145c0   0x08014070   0x00000008   Data   RO         1956    .ARM.exidx.text.__cxa_rethrow_primary_exception  libcppabi_wx.l(cxa_exception.cpp.o)
    0x080145c8   0x08014070   0x00000008   Data   RO         1926    .ARM.exidx.text.__cxa_throw  libcppabi_wx.l(cxa_exception.cpp.o)
    0x080145d0   0x08014070   0x00000008   Data   RO         2542    .ARM.exidx.text.__dynamic_cast  libcppabi_wx.l(private_typeinfo.cpp.o)
    0x080145d8   0x08014070   0x00000008   Data   RO         2047    .ARM.exidx.text.__gnu_unwind_frame  libunwind_wx.l(Unwind-EHABI.cpp.o)
    0x080145e0   0x08014070   0x00000008   Data   RO         1993    .ARM.exidx.text.__gxx_personality_v0  libcppabi_wx.l(cxa_personality.cpp.o)
    0x080145e8   0x08014070   0x00000008   Data   RO          571    .ARM.exidx.text.__user_perthread_libspace  clib_arm.o
    0x080145f0   0x08014070   0x00000008   Data   RO         2204    .ARM.exidx.text.abort_message  libcppabi_wx.l(abort_message.cpp.o)
    0x080145f8   0x08014070   0x00000008   Data   RO         2014    .ARM.exidx.text.decode_eht_entry  libunwind_wx.l(Unwind-EHABI.cpp.o)
    0x08014600   0x08014070   0x00000008   Data   RO         1611    .ARM.exidx.text.eTaskGetState  tasks.o
    0x08014608   0x08014070   0x00000008   Data   RO           47    .ARM.exidx.text.main  main.o
    0x08014610   0x08014070   0x00000008   Data   RO          656    .ARM.exidx.text.osDelay  cmsis_os2.o
    0x08014618   0x08014070   0x00000008   Data   RO         2285    .ARM.exidx.text.unw_get_fpreg  libunwind_wx.l(libunwind.cpp.o)
    0x08014620   0x08014070   0x00000008   Data   RO         2291    .ARM.exidx.text.unw_get_proc_info  libunwind_wx.l(libunwind.cpp.o)
    0x08014628   0x08014070   0x00000008   Data   RO         2281    .ARM.exidx.text.unw_get_reg  libunwind_wx.l(libunwind.cpp.o)
    0x08014630   0x08014070   0x00000008   Data   RO         2279    .ARM.exidx.text.unw_init_local  libunwind_wx.l(libunwind.cpp.o)
    0x08014638   0x08014070   0x00000008   Data   RO         2293    .ARM.exidx.text.unw_resume  libunwind_wx.l(libunwind.cpp.o)
    0x08014640   0x08014070   0x00000008   Data   RO         2303    .ARM.exidx.text.unw_save_vfp_as_X  libunwind_wx.l(libunwind.cpp.o)
    0x08014648   0x08014070   0x00000008   Data   RO         2287    .ARM.exidx.text.unw_set_fpreg  libunwind_wx.l(libunwind.cpp.o)
    0x08014650   0x08014070   0x00000008   Data   RO         2283    .ARM.exidx.text.unw_set_reg  libunwind_wx.l(libunwind.cpp.o)
    0x08014658   0x08014070   0x00000008   Data   RO         2289    .ARM.exidx.text.unw_step  libunwind_wx.l(libunwind.cpp.o)
    0x08014660   0x08014070   0x00000008   Data   RO         1428    .ARM.exidx.text.uxListRemove  list.o


    Execution Region RW_IRAM1 (Exec base: 0x20000000, Load base: 0x08014668, Size: 0x000054a8, Max: 0x0000c000, ABSOLUTE)

    Exec Addr    Load Addr    Size         Type   Attr      Idx    E Section Name        Object

    0x20000000   0x08014668   0x00000004   Data   RW         1366    .data.SystemCoreClock  system_stm32f10x.o
    0x20000004   0x0801466c   0x00000004   Data   RW         2210    .data.__cxa_terminate_handler  libcppabi_wx.l(cxa_default_handlers.cpp.o)
    0x20000008   0x08014670   0x00000004   Data   RW         2211    .data.__cxa_unexpected_handler  libcppabi_wx.l(cxa_default_handlers.cpp.o)
    0x2000000c   0x08014674   0x00000004   Data   RW         1461    .data.uxCriticalNesting  port.o
    0x20000010        -       0x00000060   Zero   RW         2748    .bss                c_w.l(libspace.o)
    0x20000070        -       0x0000000c   Zero   RW          372    .bss.Buffer_1       pcm5102.o
    0x2000007c        -       0x0000000c   Zero   RW          373    .bss.Buffer_2       pcm5102.o
    0x20000088        -       0x00000200   Zero   RW          732    .bss.Idle_Stack     cmsis_os2.o
    0x20000288        -       0x0000005c   Zero   RW          731    .bss.Idle_TCB       cmsis_os2.o
    0x200002e4        -       0x00000004   Zero   RW          729    .bss.KernelState    cmsis_os2.o
    0x200002e8        -       0x00000140   Zero   RW          734    .bss.Timer_Stack    cmsis_os2.o
    0x20000428        -       0x0000005c   Zero   RW          733    .bss.Timer_TCB      cmsis_os2.o
    0x20000484        -       0x00000004   Zero   RW           58    .bss._ZGVZ4mainE11Pcm5102_dev  main.o
    0x20000488        -       0x00000004   Zero   RW           54    .bss._ZGVZ4mainE9Conrtol_0  main.o
    0x2000048c        -       0x00000004   Zero   RW           56    .bss._ZGVZ4mainE9Display_0  main.o
    0x20000490        -       0x0000000c   Zero   RW         2217    .bss._ZN10__cxxabiv1L10eh_globalsE  libcppabi_wx.l(cxa_exception_storage.cpp.o)
    0x2000049c        -       0x00000200   Zero   RW         2232    .bss._ZN12_GLOBAL__N_14heapE  libcppabi_wx.l(fallback_malloc.cpp.o)
    0x2000069c        -       0x00000004   Zero   RW         2231    .bss._ZN12_GLOBAL__N_18freelistE  libcppabi_wx.l(fallback_malloc.cpp.o)
    0x200006a0        -       0x00000001   Zero   RW         2304    .bss._ZN9libunwind17LocalAddressSpace17sThisAddressSpaceE  libunwind_wx.l(libunwind.cpp.o)
    0x200006a1   0x08014678   0x00000003   PAD
    0x200006a4        -       0x00000004   Zero   RW           57    .bss._ZZ4mainE11Pcm5102_dev  main.o
    0x200006a8        -       0x00000004   Zero   RW           53    .bss._ZZ4mainE9Conrtol_0  main.o
    0x200006ac        -       0x00000004   Zero   RW           55    .bss._ZZ4mainE9Display_0  main.o
    0x200006b0        -       0x00000004   Zero   RW          411    .bss._ZZN4AHRS12IMUupdateAGMEPfE5exInt  ahrs.o
    0x200006b4        -       0x00000004   Zero   RW          412    .bss._ZZN4AHRS12IMUupdateAGMEPfE5eyInt  ahrs.o
    0x200006b8        -       0x00000004   Zero   RW          413    .bss._ZZN4AHRS12IMUupdateAGMEPfE5ezInt  ahrs.o
    0x200006bc        -       0x00000001   Zero   RW          584    .bss.os_kernel_is_active.os_kernel_active  clib_arm.o
    0x200006bd   0x08014678   0x00000003   PAD
    0x200006c0        -       0x000001e0   Zero   RW          582    .bss.os_libspace    clib_arm.o
    0x200008a0        -       0x00000010   Zero   RW          583    .bss.os_libspace_id  clib_arm.o
    0x200008b0        -       0x00000050   Zero   RW         1797    .bss.prvCheckForValidListAndQueue.ucStaticTimerQueueStorage  timers.o
    0x20000900        -       0x00000050   Zero   RW         1796    .bss.prvCheckForValidListAndQueue.xStaticTimerQueue  timers.o
    0x20000950        -       0x00000004   Zero   RW         1793    .bss.prvSampleTimeNow.xLastTime  timers.o
    0x20000954        -       0x00000004   Zero   RW         1706    .bss.pxCurrentTCB   tasks.o
    0x20000958        -       0x00000004   Zero   RW         1791    .bss.pxCurrentTimerList  timers.o
    0x2000095c        -       0x00000004   Zero   RW         1713    .bss.pxDelayedTaskList  tasks.o
    0x20000960        -       0x00000004   Zero   RW         1486    .bss.pxEnd          heap_4.o
    0x20000964        -       0x00000004   Zero   RW         1714    .bss.pxOverflowDelayedTaskList  tasks.o
    0x20000968        -       0x00000004   Zero   RW         1792    .bss.pxOverflowTimerList  timers.o
    0x2000096c        -       0x00000460   Zero   RW         1716    .bss.pxReadyTasksLists  tasks.o
    0x20000dcc        -       0x00004000   Zero   RW         1491    .bss.ucHeap         heap_4.o
    0x20004dcc        -       0x00000004   Zero   RW         1710    .bss.uxCurrentNumberOfTasks  tasks.o
    0x20004dd0        -       0x00000004   Zero   RW         1709    .bss.uxDeletedTasksWaitingCleanUp  tasks.o
    0x20004dd4        -       0x00000004   Zero   RW         1724    .bss.uxPendedTicks  tasks.o
    0x20004dd8        -       0x00000004   Zero   RW         1718    .bss.uxSchedulerSuspended  tasks.o
    0x20004ddc        -       0x00000004   Zero   RW         1707    .bss.uxTaskNumber   tasks.o
    0x20004de0        -       0x00000004   Zero   RW         1717    .bss.uxTopReadyPriority  tasks.o
    0x20004de4        -       0x00000014   Zero   RW         1794    .bss.xActiveTimerList1  timers.o
    0x20004df8        -       0x00000014   Zero   RW         1795    .bss.xActiveTimerList2  timers.o
    0x20004e0c        -       0x00000004   Zero   RW         1487    .bss.xBlockAllocatedBit  heap_4.o
    0x20004e10        -       0x00000014   Zero   RW         1726    .bss.xDelayedTaskList1  tasks.o
    0x20004e24        -       0x00000014   Zero   RW         1727    .bss.xDelayedTaskList2  tasks.o
    0x20004e38        -       0x00000004   Zero   RW         1488    .bss.xFreeBytesRemaining  heap_4.o
    0x20004e3c        -       0x00000004   Zero   RW         1721    .bss.xIdleTaskHandle  tasks.o
    0x20004e40        -       0x00000004   Zero   RW         1490    .bss.xMinimumEverFreeBytesRemaining  heap_4.o
    0x20004e44        -       0x00000004   Zero   RW         1722    .bss.xNextTaskUnblockTime  tasks.o
    0x20004e48        -       0x00000004   Zero   RW         1725    .bss.xNumOfOverflows  tasks.o
    0x20004e4c        -       0x00000014   Zero   RW         1719    .bss.xPendingReadyList  tasks.o
    0x20004e60        -       0x00000004   Zero   RW         1711    .bss.xSchedulerRunning  tasks.o
    0x20004e64        -       0x00000008   Zero   RW         1489    .bss.xStart         heap_4.o
    0x20004e6c        -       0x00000014   Zero   RW         1715    .bss.xSuspendedTaskList  tasks.o
    0x20004e80        -       0x00000014   Zero   RW         1708    .bss.xTasksWaitingTermination  tasks.o
    0x20004e94        -       0x00000004   Zero   RW         1712    .bss.xTickCount     tasks.o
    0x20004e98        -       0x00000004   Zero   RW         1788    .bss.xTimerQueue    timers.o
    0x20004e9c        -       0x00000004   Zero   RW         1790    .bss.xTimerTaskHandle  timers.o
    0x20004ea0        -       0x00000004   Zero   RW         1723    .bss.xYieldPending  tasks.o
    0x20004ea4   0x08014678   0x00000004   PAD
    0x20004ea8        -       0x00000200   Zero   RW         1350    HEAP                startup_stm32f10x_hd.o
    0x200050a8        -       0x00000400   Zero   RW         1349    STACK               startup_stm32f10x_hd.o


==============================================================================

Image component sizes


      Code (inc. data)   RO Data    RW Data    ZI Data      Debug   Object Name

      1012          0        652          0          0       6605   096oled.o
      4606          0          8          0         12      17814   ahrs.o
       416          0          8          0        497       2536   clib_arm.o
      9586          6          8          0       1020      33106   cmsis_os2.o
      1996          0        185          0          0      20510   conrtol.o
      2960          0        580          0          0      31417   display.o
      1442          0          0          0          0       7628   event_groups.o
       948          0          0          0      16408       3537   heap_4.o
      2526          0         88          0          0       8450   i2c.o
       326          0          8          0          0       2542   list.o
       708          0        184          0         24      18405   main.o
       196          0          0          0          0       3453   misc.o
      2174          0        124          0          0      16120   mpu6050.o
       706          0         32          0         24       7347   pcm5102.o
       272          0          8          0          0      10511   pid.o
       564         12          0          4          0       3167   port.o
       926          0         24          0          0      13350   pwm.o
      4380          0          0          0          0      15000   queue.o
        64         26        304          0       1536        828   startup_stm32f10x_hd.o
       720          0          0          0          0       6246   stm32f10x_gpio.o
       650          0         20          0          0       7782   stm32f10x_rcc.o
       714          0          8          0          0       7206   stm32f10x_spi.o
      2152          0          8          0          0      22699   stm32f10x_tim.o
       700          0         16          4          0       3019   system_stm32f10x.o
      9216         12         13          0       1280      23842   tasks.o
      2116         10          8          0        220      11534   timers.o
       286          0         96          0          0      12700   ui_core_dev.o
       404          0         16          0          0      13274   ui_core_task_eraw.o
      6354          4        692          0          0      24840   ui_view.o

    ----------------------------------------------------------------------
     59500         70       3122          8      21028     355468   Object Totals
         0          0         32          0          0          0   (incl. Generated)
       380          0          0          0          7          0   (incl. Padding)

    ----------------------------------------------------------------------

      Code (inc. data)   RO Data    RW Data    ZI Data      Debug   Library Member Name

         8          0          0          0          0         68   __main.o
         0          0          0          0          0          0   __rtentry.o
        20          0          0          0          0          0   __rtentry2.o
         6          0          8          0          0          0   __rtentry4.o
        52          8          0          0          0          0   __scatter.o
        26          0          0          0          0          0   __scatter_copy.o
        28          0          0          0          0          0   __scatter_zi.o
       264          0          0          0          0         96   _get_argv.o
        22          0          0          0          0        100   _rserrno.o
        22          0          0          0          0         80   abort.o
        16          0          0          0          0         68   aeabi_memset4.o
         4          0          0          0          0         68   argv_veneer.o
        40          0          0          0          0         80   calloc.o
        48         34          0          0          0         76   defsig_abrt_inner.o
        14          0          0          0          0         80   defsig_abrt_outer.o
        10          0          0          0          0         68   defsig_exit.o
        50          0          0          0          0         88   defsig_general.o
        80         58          0          0          0         76   defsig_rtmem_inner.o
        14          0          0          0          0         80   defsig_rtmem_outer.o
        18          0          0          0          0         80   exit.o
       158          0          0          0          0        128   h1_alloc_mt.o
        62          0          0          0          0         80   h1_extend_mt.o
        10          0          0          0          0         76   h1_final_mt.o
       118          0          0          0          0        108   h1_free_mt.o
        18          0          0          0          0         84   h1_init_mt.o
       204          0          0          0          0        104   h1_memalign_mt.o
         6          0          0          0          0        152   heapauxi.o
         4          0          0          0          0        136   hguard.o
         4          0          0          0          0        136   hrguard.o
         0          0          0          0          0          0   indicate_semi.o
       138          0          0          0          0        168   init_alloc.o
         2          0          0          0          0          0   libinit.o
        18          0          0          0          0          0   libinit2.o
         2          0          0          0          0          0   libshutdown.o
         6          0          0          0          0          0   libshutdown2.o
         8          4          0          0         96         68   libspace.o
         0          0          0          0          0          0   maybetermalloc2.o
         4          0          0          0          0         68   rt_errno_addr_twolibspace.o
        10          0          0          0          0         76   rt_heap_descriptor_twolibspace.o
        68          0          0          0          0         68   rt_memclr.o
        78          0          0          0          0         80   rt_memclr_w.o
       138          0          0          0          0         68   rt_memcpy_v6.o
       100          0          0          0          0         80   rt_memcpy_w.o
         2          0          0          0          0          0   rtexit.o
        10          0          0          0          0          0   rtexit2.o
       128          0          0          0          0         68   strcmpv7m.o
        24          0          0          0          0         76   sys_command.o
        12          4          0          0          0         68   sys_exit.o
        74          0          0          0          0         80   sys_stackheap_outer.o
        14          0          0          0          0         76   sys_wrch.o
        16          0          0          0          0         80   term_alloc.o
         2          0          0          0          0         68   use_no_semi.o
       804         16          0          0          0        280   daddsub_clz.o
        84          0          0          0          0        196   dcmp.o
        24          0          0          0          0         68   dcmpi.o
       120          4          0          0          0         92   deqf.o
        94          4          0          0          0         92   dfix.o
        46          0          0          0          0         68   dflt_clz.o
       120          4          0          0          0         92   dgeqf.o
       120          4          0          0          0         92   dleqf.o
       156          4          0          0          0         92   dnaninf.o
        12          0          0          0          0         68   dretinf.o
       450          8          0          0          0        236   faddsub_clz.o
        12          4          0          0          0         68   fcheck1.o
        84          0          0          0          0        196   fcmp.o
        24          0          0          0          0         68   fcmpi.o
       388         76          0          0          0         96   fdiv.o
       104          4          0          0          0         84   feqf.o
        54          4          0          0          0         84   ffix.o
        62          4          0          0          0         84   ffixu.o
        86          0          0          0          0        136   fflt_clz.o
       104          4          0          0          0         84   fgeqf.o
       104          4          0          0          0         84   fleqf.o
       258          4          0          0          0         84   fmul.o
       140          4          0          0          0         84   fnaninf.o
        10          0          0          0          0         68   fretinf.o
        96          4          0          0          0         76   frnd.o
       272        100          0          0          0         88   fsqrt.o
       100          0          0          0          0         68   retnan.o
        76          0          0          0          0         68   scalbnf.o
        48          0          0          0          0         68   trapv.o
         0          0          0          0          0          0   usenofp.o
        40          0         84          0          0          0   new.cpp.o
         6          0          8          0          0          0   abort_message.cpp.o
        88          0          0          8          0          0   cxa_default_handlers.cpp.o
       904          0        308          0          0          0   cxa_exception.cpp.o
        20          0          8          0         12          0   cxa_exception_storage.cpp.o
        10          0          0          0          0          0   cxa_guard.cpp.o
       368        136        144          0          0          0   cxa_handlers.cpp.o
      2228         14        220          0          0          0   cxa_personality.cpp.o
        40         32          8          0          0          0   cxa_virtual.cpp.o
       448          0         48          0        516          0   fallback_malloc.cpp.o
      2140          0        678          0          0          0   private_typeinfo.cpp.o
       156         80        242          0          0          0   stdlib_exception.cpp.o
         2          0         21          0          0          0   stdlib_typeinfo.cpp.o
      1530         14        116          0          0          0   Unwind-EHABI.cpp.o
        38          0          0          0          0          0   UnwindRegistersRestore.S.o
        46          0          0          0          0          0   UnwindRegistersSave.S.o
      2452        564        299          0          1          0   libunwind.cpp.o
       292         38          0          0          0        120   asinf.o
       652         76          0          0          0        116   atan2f.o
        38          0          0          0          0         68   fpclassifyf.o
        28          0          0          0          0        272   funder.o
       360         16         32          0          0         88   rredf.o
       392         54          0          0          0        124   sinf.o
        44          0          0          0          0         80   sqrtf.o

    ----------------------------------------------------------------------
     18588       1388       2350          8        628       7136   Library Totals
        34          0        126          0          3          0   (incl. Padding)

    ----------------------------------------------------------------------

      Code (inc. data)   RO Data    RW Data    ZI Data      Debug   Library Name

      2180        108          8          0         96       3304   c_w.l
      4052        256          0          0          0       2964   fz_ws.l
        40          0         84          0          0          0   libcpp_wx.l
      6410        262       1685          8        528          0   libcppabi_wx.l
      4066        578        415          0          1          0   libunwind_wx.l
      1806        184         32          0          0        868   m_ws.l

    ----------------------------------------------------------------------
     18588       1388       2350          8        628       7136   Library Totals

    ----------------------------------------------------------------------

==============================================================================


      Code (inc. data)   RO Data    RW Data    ZI Data      Debug   

     78088       1458       5472         16      21656     362808   Grand Totals
     78088       1458       5472         16      21656     362808   ELF Image Totals
     78088       1458       5472         16          0          0   ROM Totals

==============================================================================

    Total RO  Size (Code + RO Data)                83560 (  81.60kB)
    Total RW  Size (RW Data + ZI Data)             21672 (  21.16kB)
    Total ROM Size (Code + RO Data + RW Data)      83576 (  81.62kB)

==============================================================================

